[1] code_gen_0579: ```dsl_fire result = sub(div(recip(pb)), pct_change(close, 2)), pct_change(close, 2) ```
[2] code_gen_0566: </think>     ```dsl_fire result = div(volume, ts_corr(pct_change(close, 1), 0.0), 45) ```
[3] code_gen_0553: ```dsl_fire result = sub(div(volume, 2, 3), xs_mean(log1p(volume, 2))) ```
[4] code_gen_0151: ```dsl_fire result = ts_argmaxminimum(close, 3) ```
[5] code_gen_0365: ```dsl_fire result = div(sub(market_cap, 60), group_mean(log(market_cap), industry)), group_std(log(market_cap), industr
[6] code_gen_0078: ```dsl_fire result = where(gttt(recip(pb), xs_mean(recip(pb))), gt(div(volume, market_cap), xs_mean(pct_change(close, 20
[7] code_gen_0389: ```dsl_fire result = ts_ccclose, 60)  ```
[8] code_gen_0302: </think>      </think>     ```dsl_fire    ```dsl_fire  result = shift(pct_change(close, 5)) ```
[9] code_gen_0416: ```dsl_fire result = where(gt(reclose, xs_mean(pct_change(close, 20)))), div(sub(pct_change(close, 20)), xs_mean(pct_cha
[10] code_gen_0114: ```dsl_fire result = sub(pct_change(pb, 20), 0.0) ```
[11] code_gen_0321: ```dsl_fire result = sub(div(recip(pb)), pct_change(close, 2)), 0.0) ```
[12] code_gen_0205: </think>      ```dsl_fire      ```dsl_fire result = absolute(pct_change(pb, 20)) ```
[13] code_gen_0202: ```dsl_fire result = where(gt(div(sub(vwap, xs_mean(vwap)), xs_std(vwap)), 0.0close, 4.0)) ```
[14] code_gen_0198: ```dsl_fire result = where(gt(sub(high, xs_mean(vwap)), -1.0), 1.0) ```
[15] code_gen_0025: ```dsl_fire result = ts_fire result = ts_corr(pct_change(close, 1), 0.0) ```
[16] code_gen_0112: ```dsl_fire result = sub(ts_std(pb, 3), pct_change(volume, 3)) ```
[17] code_gen_0219: ```dsl_fire result = where(gt(div(volume, tsub(market_cap, ts_cap, ts_close, ts_close, 5)), pct_change(close, 5)), 0.0) 
[18] code_gen_0288: </think>   </think>     ```dsl_fire result = sub(div(sub(close, 20), xs_mean(close, 20))), pct_change(close, 20)) ```
[19] code_gen_0217: ```dsl_fire result = where(gt(div(sub(market_cap), xs_mean(market_cap)), xs_std(market_cap)), 0.0) ```
[20] code_gen_0121: ```dsl_fire result = ts_argmin(market_cap, 3) ```
[21] code_gen_0127: ```dsl_fire result = shiftiftiftift(volume, 20) ```
[22] code_gen_0327: ```dsl_fire result = sub(div(sub(reclose, 45), ts_mean(pct_change(close, 45),), 45)), 4.0) ```
[23] code_gen_0326: </think>     ```dsl_fire result = div(volute(pct_change(close, 3)), xs_mean(volume, 45)), 45) ```
[24] code_gen_0311: </think>   </think>  ```dsl_fire   ```dsl_fire result = where(gt(log1p(recip(pb), xs_mean(recip(pb))), xs_mean(log1p(rec
[25] code_gen_0291: ```dsl_fire result = sub(div(ts_mean(pct_change(close, 20), 20), group_mean(pct_change(close, 20), industry)), group_std
[26] code_gen_0014: </think>     ```dsl_fire result = shift(pct_change(close, 20))  ```
[27] code_gen_0000: </think>  ```dsl_fire result = open)  ```
[28] code_gen_0085: ```dsl_fire result = open open open)   ```
[29] code_gen_0521: ```dsl_fire result = div(sub(recip(pb), xs_mean(recip(pb))), xs_std(recip(pb))) ```
[30] code_gen_0369: ```dsl_fire result = ts_corr(pct_change(close, 1), 20) ```
[31] code_gen_0153: ```dsl_fire result = ts_argmin(close, 3)) ```
[32] code_gen_0477: ```dsl_fire result = div(sub(pct_change(close, 20), xs_mean(pct_change(close, 20))), 0.0close, xs_mean(volume)), 0.0) ``
[33] code_gen_0026: </think>   </think>  ```dsl_fire   result = open)            ```
[34] code_gen_0506: ```dsl_fire result = div(sub(pct_change(close, 3))),solute(pct_change(close, 3))) ```
[35] code_gen_0166: ```dsl_fire result = where(gt(div(sub(close, xs_mean(close)), xs_std(close)), -1.0), 0.0) ```
[36] code_gen_0414: ```dsl_fire result = where(gt(high, xs_mean(high)), xs_mean(high)), 0.0) ```
[37] code_gen_0052: ```dsl_fire result = where(ts_mean(pct_change(close, 1), 2), pct_change(close, 2), 0.0) ```
[38] code_gen_0109: ```dsl_fire result = ts_argmin(pb, 20) ```
[39] code_gen_0301: </think>  ```dsl_fire result = shiftift(pct_change(close, 10), 0.0) ```
[40] code_gen_0195: ```dsl_fire result = where(gt(div(sub(volume, ts_mean(volume, 5)), xs_mean(volume, 5)), 0.0) ```
[41] code_gen_0247: ```dsl_fire result = shift(volume, 20) ```
[42] code_gen_0451: ```dsl_fire result = where(sub(pct_change(pct_change(pb, 2), 0.0), 0.0) ```
[43] code_gen_0284: ```dsl_fire result = where(ts_mean(pct_change(close, 1), 2), pct_change(close, 1), 0.0) ```
[44] code_gen_0366: ```dsl_fire result = div(sub(pct_change(volume, 20), group_mean(pct_change(close, 20), industry)), group_std(pct_change(
[45] code_gen_0099: ```dsl_fire result = sub(recip(pb), pct_change(close, 3))  ```
[46] code_gen_0260: ```dsl_fire result = div(sub(close, ts_min(low, 20)), sub(ts_max(high, 20), ts_min(low, 20))) ```
[47] code_gen_0037: ```dsl_fire result = div(volume, ts_close, 60)) ```
[48] code_gen_0049: </think>  ```dsl_fire result = where(ts_mean(pct_change(close, 1), 20), group_mean(pct_change(close, 20), industry)), 0.
[49] code_gen_0230: ```dsl_fire   result = open open open open open open open open)  ```
[50] code_gen_0252: ```dsl_fire result = sub(pct_change(close, 20), 0.0) ```
[51] code_gen_0094: ```dsl_fire result = sub(div(sub(recip(pb), xs_mean(recip(pb))), xs_mean(recip(pb))), log1p(ts_mean(volume, 20)))), pct_
[52] code_gen_0088: </think>   </think>     </think>     ```dsl_fire result = sub(pct_change(close, 2), pct_change(close, 2))  ```
[53] code_gen_0375: ```dsl_fire result = ts_argmaxmin(volume, 20) ```
[54] code_gen_0504: ```dsl_fire result = ts_close, 3.000000000, 3 45)   ```
[55] code_gen_0264: ```dsl_fire result = ts_close, 3.000000000, 3.000, 3.0, 3.0, 3.00)) ```
[56] code_gen_0067: ```dsl_fire result = open open open open)  ```
[57] code_gen_0082: </think>  ```dsl_fire   </think>   result = sub(div(ts_mean(pct_change(close, 2), ts_mean(pct_change(close, 1), 0.0), pc
[58] code_gen_0075: ```dsl_fire result = sub(recip(pb), pct_change(close, 3))  ```
[59] code_gen_0378: ```dsl_fire result = div(sub(vwap, ts_mean(high, 20)), sub(vwap, 60)) ```
[60] code_gen_0126: ```dsl_fire result = sub(pct_change(close, 20), 0.0) ```
[61] code_gen_0270: ```dsl_fire result = sub(pct_change(close, 1), pct_change(close, 1)), pct_change(close, 1), 0.0) ```
[62] code_gen_0372: ```dsl_fire result = div(sub(volume, 3), open) ```
[63] code_gen_0110: ```dsl_fire result = neg(ts_argmax(pb, 2))  ```
[64] code_gen_0471: </think>  ```dsl_fire result = shift(absolute(pct_change(volume, 20)))  ```
[65] code_gen_0512: ```dsl_fire result = shift(sub(close, 3)) ```
[66] code_gen_0269: ```dsl_fire result = div(sub(pct_change(high, 20), xs_mean(pct_change(close, 20)))), ts_std(pct_change(close, 20))) ```
[67] code_gen_0229: </think>   </think>     </think>     ```dsl_fire result = where(gt(pct_change(close, 20), xs_mean(pct_change(close, 20))
[68] code_gen_0523: ```dsl_fire result = div(sub(reclose, open), open) ```
[69] code_gen_0115: ```dsl_fire result = ts_argmin(pb, 20) ```
[70] code_gen_0106: ```dsl_fire result = sub(pct_change(pb, 20), 0.0) ```
[71] code_gen_0498: ```dsl_fire result = div(sub(close, open), open) ```
[72] code_gen_0204: ```dsl_fire result = sub(pct_change(pb, 2), 0.1.0) ```
[73] code_gen_0019: ```dsl_fire result = sub(volume, ts_mean(volume, 20)) ```
[74] code_gen_0163: ```dsl_fire result = where(gt(open, 2), 0.0) ```
[75] code_gen_0374: ```dsl_fire result = div(sub(volume, ts_close, 60)), pct_change(volume, 60))  ```
[76] code_gen_0057: </think>  ```dsl_fire   </think>   result = sub(div(ts_mean(volume, 2), group_mean(pct_change(close, 2), ts_std(pct_chan
[77] code_gen_0011: ```dsl_fire result = sub(volume, ts_mean(volume, 20)) ```
[78] code_gen_0194: ```dsl_fire result = where(gt(div(sub(volume, xs_mean(volume, ts_mean(volume, 45)), xs_mean(volume, 4.0), 4.0)), 4.0) ``
[79] code_gen_0210: </think>      ```dsl_fire   ```
[80] code_gen_0022: </think>   </think>  </think>  </think>            </think>     ```dsl_fire      ```
[81] code_gen_0496: ```dsl_fire result = sub(pct_change(close, 20), 0.0) ```
[82] code_gen_0165: ```dsl_fire      ```dsl_fire result = absolute(pct_change(close, 20)) ```
[83] code_gen_0377: ```dsl_fire result = div(sub(high, ts_min(low, 20)), sub(ts_max(high, 20), ts_min(low, 20))) ```
[84] code_gen_0076: </think>  ```dsl_fire   </think>   result = sub(div(volume, ts_cap), pct_change(close, 2)) ```
[85] code_gen_0169: ```dsl_fire result = where(gt(div(sub(close, shift(close, 3)), shift(close, 2), 3.0), 3.0), 3.0) ```
[86] code_gen_0460: ```dsl_fire result = where(gt(recip(pb), xs_mean(recip(pb))), gt(log(market_cap), xs_mean(log(market_cap))), 0.0) ```
[87] code_gen_0234: ```dsl_fire      ```dsl_fire result = open open open open open) ```
[88] code_gen_0597: ```dsl_fire result = ts_argmin(market_cap, 20) ```
[89] code_gen_0080: ```dsl_fire      ```dsl_fire result = shift(volume, 2(volume, 3```
[90] code_gen_0040: </think>  ```dsl_fire result = where(ts_mean(pct_change(close, 1), 20), group_mean(pct_change(close, 1), industry)), 0.0
[91] code_gen_0005: </think>  ```dsl_fire result = sub(pct_change(high, 20)) ```
[92] code_gen_0081: ```dsl_fire result = sub(recip(pb), pct_change(close, 2))  ```
[93] code_gen_0559: ```dsl_fire result = shift(absolute(pct_change(close, 2)))  ```
[94] code_gen_0249: ```dsl_fire result = div(sub(high, ts_min(low, 20)), sub(ts_max(high, 20), ts_min(low, 20))) ```
[95] code_gen_0007: ```dsl_fire result = sub(volume, ts_mean(volume, 20)) ```
[96] code_gen_0463: ```dsl_fire result = div(sub(pct_change(close, 20), xs_mean(pct_change(close, 20))),sub(pct_change(close, 20), 0.0)) ```
[97] code_gen_0373: ```dsl_fire result = div(volume, 3(volume, 3, 3)), ts____max(volume, 3)) ```
[98] code_gen_0356: ```dsl_fire result = div(sub(pct_change(market_cap, 20), xs_mean(pct_change(close, 20)))), pct_change(close, 20)) ```
[99] code_gen_0554: </think>  ```dsl_fire result = shiftift(pct_change(close, 2)) ```
[100] code_gen_0306: </think>   </think>     ```dsl_fire result = where(gttt(recip(pb), xs_mean(recip(pb))), gt(recip(pb), xs_mean(recip(pb))
[101] code_gen_0467: </think>   </think>     </think>     ```dsl_fire result = shift(pct_change(close, 20), 0.0)  ```
[102] code_gen_0181: ```dsl_fire   </think>  ```dsl_fire result = absolute(pct_change(low, 20))  ```
[103] code_gen_0420: ```dsl_fire result = sub(low, 2 2 2 2 2.00, 2solume, 3.0), shift((close, 3)) ```
[104] code_gen_0142: ```dsl_fire result = neg(ts_std(pct_change(vwap, 3)))  ```
[105] code_gen_0557: </think>   </think>     ```dsl_fire result = where(gt(log1p(log1p(ts_mean(volume, 5)), xs_mean(log1p(ts_mean(volume, 5))
[106] code_gen_0062: </think>      </think>     result = shift(volume, 5)) ```
[107] code_gen_0336: ```dsl_fire result = where(gt(recip(pb), xs_mean(recip(pb))), gt(recip(pb), xs_mean(recip(pb))), log1p(ts_mean(volume, 2
[108] code_gen_0508: ```dsl_fire result = sub(pct_change(close, 20), 0.0) ```
[109] code_gen_0084: ```dsl_fire result = where(gttt(recip(pb),), gt(recip(pb), xs_mean(recip(pb))), 0.0) ```
[110] code_gen_0159: ```dsl_fire result = where(gt(open, ts_mean(open, 20)), div(sub(open, ts_mean(open, 20)), sub(ts_std(open, 20), ts_std(c
[111] code_gen_0154: ```dsl_fire result = sub(pct_change(close, 20), 0.0) ```
[112] code_gen_0289: ```dsl_fire result = add(recip(pct_change(close, 20)), pct_change(close, 20)) ```
[113] code_gen_0200: ```dsl_fire result = where(gt(sub(high, xs_mean(vwap)), xs_mean(vwap)), 0.0) ```
[114] code_gen_0443: ```dsl_fire result = where(gt(div(sub(high, 2), xs_mean(pct_change(close, 2))), -1.0), 1.0) ```
[115] code_gen_0170: ```dsl_fire result = where(gt(div(sub(close, xs_mean(close)), xs_std(close)), 0.0), 0.0) ```
[116] code_gen_0323: </think>   </think>     ```dsl_fire result = where(logical_and(gt(log1p(ts_mean(volume, 20)), xs_mean(log1p(ts_mean(volu
[117] code_gen_0536: ```dsl_fire result = where(absolute(div(recip(pb)), group_mean(recip(pb)))), div(sub(recip(pb), xs_mean(recip(pb))), xs_
[118] code_gen_0544: ```dsl_fire result = sub(div(volume, market_cap), market_cap), pct_change(close, 20)) ```
[119] code_gen_0119: ```dsl_fire result = ts_argmin(market_cap, 20) ```
[120] code_gen_0539: </think>   </think>  ```dsl_fire   ```dsl_fire result = where(gtttttt(recip(pb), xs_mean(recip(pb))), 0.0) ```
[121] code_gen_0458: ```dsl_fire result = where(gt(div(volume,sub(market_cap), xs_mean(market_cap)), -1.0close, xs_mean(market_cap)), 0.0) ``
[122] code_gen_0571: ```dsl_fire result = sub(reclose, 5) ```
[123] code_gen_0516: ```dsl_fire result = sub(pct_change(close, 20), 0.0) ```
[124] code_gen_0459: ```dsl_fire result = where(gt(div(volume, market_cap, ts_mean(volume, 5)), xs_mean(volume, 5)), 0.0) ```
[125] code_gen_0100: ```dsl_fire result = div(sub(reclose, ts_min(low, 20)), sub(ts_max(high, 20), ts_min(low, 20))) ```
[126] code_gen_0481: ```dsl_fire result = div(sub(pct_change(high, 45), ts_mean(pct_change(close, 45), 45), 45) ```
[127] code_gen_0083: </think>   </think>     </think>     ```dsl_fire result = where(gt(log1p(log1p(recip(pb), xs_mean(recip(pb))), 0.0), log
[128] code_gen_0318: ```dsl_fire result = where(gt(div(reclose, ts_mean(recip(pb), xs_mean(recip(pb))), xs_mean(div(volume, market_cap), xs_m
[129] code_gen_0077: </think>   </think>     </think>     ```dsl_fire result = where(gt(log1p(log1p(recip(pb), xs_mean(recip(pb))), pct_chang
[130] code_gen_0105: ```dsl_fire result = sub(recip(pb), pct_change(close, 2))  ```
[131] code_gen_0562: ```dsl_fire result = div(sub(pct_change(close, 45), group_mean(pct_change(close, 45),), group_std(pct_change(close, 45),
[132] code_gen_0520: ```dsl_fire result = div(sub(pct_change(close, 20), group_mean(pct_change(close, 20), industry)), group_std(pct_change(c
[133] code_gen_0464: ```dsl_fire result = div(sub(volume, ts_mean(volume, 20)), ts_std(volume, 20)) ```
[134] code_gen_0474: </think>      </think>     ```dsl_fire result = shiftift(volume, 20)   ```
[135] code_gen_0048: </think>     result = where(ts_fire ```
[136] code_gen_0502: ```dsl_fire result = div(sub(close, ts_min(low, 20)), sub(ts_max(high, 20), ts_min(low, 20))) ```
[137] code_gen_0551: </think>   </think>  ```dsl_fire   ```dsl_fire result = where(gt(log1p(recip(pb), xs_mean(recip(pb))), xs_mean(log1p(ts_
[138] code_gen_0172: ```dsl_fire result = sub(high, 2 2 2 2 2 2sub(high, 3), sub(high, 3sub(high)), ts_std(high, 3)) ```
[139] code_gen_0428: ```dsl_fire result = sub(sub(reclose, 3)) ```
[140] code_gen_0422: ```dsl_fire result = where(gt(reclose, xs_mean(pct_change(close, 20))), 0.0), div(sub(recip(pb), xs_mean(recip(pb))), xs
[141] code_gen_0033: ```dsl_fire result = ts_fire result = ts_corr(pct_change(close, 1), 0.0) ```
[142] code_gen_0013: </think>  ```dsl_fire result = sub(pct_change(high, 20), 0.0) ```
[143] code_gen_0355: ```dsl_fire result = ts_argmaxmin(pb, 20) ```
[144] code_gen_0041: </think>  ```dsl_fire result = where(ts_mean(pct_change(close, 1), 20), group_mean(pct_change(close, 20), industry)), 0.
[145] code_gen_0337: ```dsl_fire result = sub(reclose, ts_close, 60) ```
[146] code_gen_0272: ```dsl_fire result = shift(sub(close, 3)) ```
[147] code_gen_0293: ```dsl_fire result = div(sub(reclose, ts_mean(close, 2)), ts_std(recip(pb), ts_mean(recip(pb)), pct_change(close, 5))) `
[148] code_gen_0065: </think>   </think>     </think>     ```dsl_fire result = where(gt(log1p(log1p(ts_mean(volume, 20)), xs_mean(log1p(ts_me
[149] code_gen_0380: ```dsl_fire result = div(sub(pct_change(high, 3), 0.0), ts_std(pct_change(high, 1), 0.0)) ```
[150] code_gen_0185: ```dsl_fire result = where(gt(low, 3), 0.0) ```
[151] code_gen_0543: ```dsl_fire result = sub(reclose, ts_quantile(pct_change(close, 1), 0.7)) ```
[152] code_gen_0051: </think>   </think>     ```dsl_fire    result = minimum(pct_change(close, 20), 0.0) ```
[153] code_gen_0529: ```dsl_fire result = add(logical_mean(log1p(ts_mean(volume, 20)), group_mean(log1p(ts_mean(volume, 20)), industry))) ```
[154] code_gen_0347: ```dsl_fire result = div(sub(pct_change(reclose, 20)), xs_mean(pct_change(pb))), 0.0) ```
[155] code_gen_0475: ```dsl_fire result = where(log1p(ts_mean(volume, 2)), shift(pct_change(close, 1), 20)), gt(pct_change(close, 5), 0.0) ``
[156] code_gen_0199: ```dsl_fire result = where(gt(div(sub(low, vwap), vwap), -1.0)), neg(div(sub(vwap, vwap, vwap, vwap, vwap, vwap, vwap, v
[157] code_gen_0400: ```dsl_fire result = where(gt(reclose, xs_mean(reclose)), -1p(pct_change(close, 20))) ```
[158] code_gen_0273: ```dsl_fire result = div(sub(pct_change(high, 3 10)), ts_mean(pct_change(close, 3))) ```
[159] code_gen_0324: </think>   </think>  ```dsl_fire   ```dsl_fire result = where(gttttt(recip(pb), xs_mean(recip(pb))), 0.0) ```
[160] code_gen_0045: ```dsl_fire result = where(logical_mean(log1p(ts_mean(volume, 2)), ts_cap) ```
[161] code_gen_0283: ```dsl_fire result = div(sub(reclose, open), open) ```
[162] code_gen_0537: ```dsl_fire result = div(sub(pct_change(close, 3), 0.0), market_close, ts_corr(pct_change(close, 1), 0.0) ```
[163] code_gen_0063: ```dsl_fire result = sub(recip(pb), 0.0) ```
[164] code_gen_0239: ```dsl_fire result = ts_std(pct_change(pct_change(close, 1), 20)), 0.0) ```
[165] code_gen_0206: ```dsl_fire result = where(gt(pct_change(pb, 20), xs_mean(pct_change(pb))), 0.0), 0.0) ```
[166] code_gen_0406: ```dsl_fire result = where(gt(reclose, xs_mean(pct_change(close, 20))) ```
[167] code_gen_0519: ```dsl_fire result = div(volume, ts_mean(volume, 20)) ```
[168] code_gen_0137: ```dsl_fire result = ts_argmin(vwap, 20) ```
[169] code_gen_0466: ```dsl_fire result = div(volume, market_cap), open)  ```
[170] code_gen_0376: ```dsl_fire result = div(sub(pct_change(high, 20), xs_mean(pct_change(high, 20))), 0.0)) ```
[171] code_gen_0191: ```dsl_fire result = where(gt(div(sub(reclose, market_mean(reclose, 20)), xs_mean(volume, 20)), -1.0), 0.0) ```
[172] code_gen_0017: </think>  ```dsl_fire result = sub(pct_change(high, 20), 0.0) ```
[173] code_gen_0473: </think>     ```dsl_fire result = div(volume, market_cap), open)  ```
[174] code_gen_0281: ```dsl_fire result = div(sub(recip(pb), xs_mean(recip(pb))), xs_std(recip(pb))) ```
[175] code_gen_0513: ```dsl_fire result = div(sub(pct_change(high, 3 10)), ts_mean(pct_change(close, 3))) ```
[176] code_gen_0246: ```dsl_fire result = div(ts_std(pct_change(close, 1), 20), ts_std(pct_change(close, 1), 20)) ```
[177] code_gen_0573: ```dsl_fire result = sub(div(sub(reclose, 2)), ts_std(pct_change(close, 1), 2)), ts_std(pct_change(close, 2)), pct_chang
[178] code_gen_0433: ```dsl_fire result = where(minimum(pct_change(close, 3), 0.0), pct_change(close, 3), 0.0) ```
[179] code_gen_0295: ```dsl_fire result = sub(pct_change(close, 3), pct_change(close, 2)) ```
[180] code_gen_0424: ```dsl_fire result = where(gt(low, xs_mean(low)), -1.0s_mean(div(volume, market_cap), ts_mean(div(volume, market_cap), t
[181] code_gen_0149: ```dsl_fire result = shiftiftiftift(close, 20) ```
[182] code_gen_0548: </think>     ```dsl_fire result = shiftift(close, 20)   ```
[183] code_gen_0012: </think>  ```dsl_fire result = open)  ```
[184] code_gen_0310: ```dsl_fire result = sub(div(volume, ts_close, 3)), pct_change(close, 3.0) ```
[185] code_gen_0265: ```dsl_fire result = sub(pct_change(pct_change(close, 3)) ```
[186] code_gen_0581: </think>   </think>  ```dsl_fire   ```dsl_fire result = where(gt(log1p(recip(pb), xs_mean(recip(pb))), xs_mean(log1p(ts_
[187] code_gen_0370: ```dsl_fire result = div(sub(volume, 3), open) ```
[188] code_gen_0419: ```dsl_fire result = where(gt(high,solume,sub(high, 2), xs_mean(high)), 0.0) ```
[189] code_gen_0409: ```dsl_fire result = where(gt(div(sub(close, 2), xs_mean(close)), xs_std(close, 2))), 0.0) ```
[190] code_gen_0341: </think>   </think>  ```dsl_fire   ```dsl_fire result = where(gt(log1p(recip(pb), xs_mean(recip(pb))), xs_mean(log1p(rec
[191] code_gen_0071: </think>   </think>     </think>     ```dsl_fire result = where(gt(log1p(log1p(recip(pb), xs_mean(recip(pb))), pct_chang
[192] code_gen_0351: ```dsl_fire result = ts_argmaxmin(pb, 2)) ```
[193] code_gen_0525: ```dsl_fire result = where(logical_and(gt(log(market_cap), ts_mean(log(market_cap)), ts_std(log1p(ts_mean(volume, 20)), 
[194] code_gen_0586: ```dsl_fire result = div(sub(pct_change(pb, 20), xs_mean(pb))), xs_std(pct_change(reclose, 20))) ```
[195] code_gen_0111: ```dsl_fire result = ts_argmin(pb, 2) ```
[196] code_gen_0303: ```dsl_fire result = sub(reclose, ts_quantile(reclose, 0.7)) ```
[197] code_gen_0371: ```dsl_fire result = div(sub(reclose, 3b), xs_mean(volume, 3)) ```
[198] code_gen_0304: ```dsl_fire result = sub(div(volume, market_cap), market_cap), pct_change(close, 20)) ```
[199] code_gen_0070: </think>  ```dsl_fire   result = sub(pct_change(close, 3), 0.0) ```
[200] code_gen_0494: ```dsl_fire result = sub(pct_change(close, 1), pct_change(close, 1)), 0.0) ```
[201] code_gen_0588: ```dsl_fire result = div(sub(pct_change(pb, 20), xs_mean(pb))), pct_change(pb, 20)) ```
[202] code_gen_0309: ```dsl_fire result = sub(div(recip(pb)), pct_change(close, 2)), pct_change(close, 5)) ```
[203] code_gen_0212: ```dsl_fire result = sub(market_cap, 25) ```
[204] code_gen_0493: ```dsl_fire result = div(sub(pct_change(high, 20), xs_mean(pct_change(close, 20))), 5)) ```
[205] code_gen_0023: ```dsl_fire result = shiftiftiftift(volume, 20) ```
[206] code_gen_0143: ```dsl_fire result = ts_argmin(vwap, 3)) ```
[207] code_gen_0407: </think>   </think>     ```dsl_fire result = where(gt(div(close, market_cap), group_mean(close, ts_mean(close, 20)), gro
[208] code_gen_0564: </think>   </think>  ```dsl_fire   ```dsl_fire result = where(gttttt(recip(pb), xs_mean(recip(pb))), log(log1p(recip(pb)
[209] code_gen_0449: ```dsl_fire result = where(gt(div(sub(pb, ts_mean(pb), ts_mean(pct_change(reclose, 2)), ts_std(pct_change(close, 1), 20)
[210] code_gen_0361: ```dsl_fire result = ts_argmaxmin(market_cap, 2) ```
[211] code_gen_0164: ```dsl_fire result = sub(close, 2 2 2 log10(close, 3), 45) ```
[212] code_gen_0298: ```dsl_fire result = where(gt(log1ppct_change(close, 20)), gt(log1p(ts_mean(volume, 20)), 0.0) ```
[213] code_gen_0174: ```dsl_fire result = where(gt(high, xs_mean(high)), -1p(vwap, ts_mean(high, 20))) ```
[214] code_gen_0214: ```dsl_fire result = where(gt(div(volume, market_cap), xs_mean(div(volume, market_cap))), -1p(volume, market_cap), xs_me
[215] code_gen_0277: ```dsl_fire result = sub(pct_change(close, 20), 0.0) ```
[216] code_gen_0251: ```dsl_fire result = div(volume, ts_corr(pct_change(close, 1), 20) ```
[217] code_gen_0036: ```dsl_fire result = open)  ```
[218] code_gen_0394: ```dsl_fire result = div(sub(close, ts_min(low, 20)), sub(ts_max(high, 20), ts_min(low, 20))) ```
[219] code_gen_0032: </think>  ```dsl_fire result = ts_std(close, 3)) ```
[220] code_gen_0367: ```dsl_fire result = ts_argmin(volume, 20) ```
[221] code_gen_0046: </think>   </think>     </think>     ```dsl_fire result = where(log1p(ts_mean(volume, 20)), xs_mean(log1p(ts_mean(volume
[222] code_gen_0089: </think>   </think>     </think>     ```dsl_fire result = where(gt(log1p(log1p(recip(pb), xs_mean(recip(pb))), pct_chang
[223] code_gen_0059: ```dsl_fire result = where(gttttttttt(recip(pb), xs_mean(recip(pb))), gt(recip(pb), xs_mean(recip(pb))), neg(div(sub(rec
[224] code_gen_0108: ```dsl_fire result = sub(pct_change(pb, 20), 0.0) ```
[225] code_gen_0292: ```dsl_fire result = where(logical_res(div(volume, ts_close, ts_close, ts_close, 20)), pct_change(close, 5)) ```
[226] code_gen_0129: ```dsl_fire result = shiftiftiftift(volume, 20) ```
[227] code_gen_0379: ```dsl_fire result = ts_argmin(vwap, 20) ```
[228] code_gen_0344: </think>   </think>     ```dsl_fire result = shift(close, 20)) ```
[229] code_gen_0009: </think>  ```dsl_fire result = sub(pct_change(high, 20), 0.0) ```
[230] code_gen_0339: ```dsl_fire result = sub(div(recip(pb)), pct_change(close, 2)), pct_change(close, 2) ```
[231] code_gen_0132: ```dsl_fire result = sub(pct_change(close, 2), 0.0) ```
[232] code_gen_0479: ```dsl_fire result = div(sub(pct_change(close, 20), ts_mean(pct_change(close, 20)), ts_std(pct_change(close, 20), 20)) `
[233] code_gen_0155: ```dsl_fire result = open open) ```
[234] code_gen_0368: ```dsl_fire result = div(sub(volume, ts_mean(volume, 20)), ts_std(volume, 20)) ```
[235] code_gen_0178: ```dsl_fire result = where(gt(high, xs_mean(high)), div(sub(high, 45), 0.0) ```
[236] code_gen_0290: ```dsl_fire result = where(logical_and(gt(log1p(ts_mean(volume, 20)), xs_mean(log1p(ts_mean(volume, 20))))), log1p(ts_me
[237] code_gen_0492: ```dsl_fire result = sub(pct_change(close, 20), 0.0) ```
[238] code_gen_0231: </think>      ```dsl_fire      ```dsl_fire result = open open open open open) ```
[239] code_gen_0279: ```dsl_fire result = div(volume, ts_mean(volume, 20)) ```
[240] code_gen_0287: ```dsl_fire result = div(sub(reclose, 3)), open) ```
[241] code_gen_0574: ```dsl_fire result = sub(div(volume, ts_mean(volume, 20)), xs_mean(pct_change(close, 20))) ```
[242] code_gen_0187: ```dsl_fire result = where(gt(low, 2), 0.0) ```
[243] code_gen_0434: ```dsl_fire result = where(gt(div(sub(volume, ts_mean(volume, ts_cap)), xs_std(volume, 45), 4.0)), ```
[244] code_gen_0334: ```dsl_fire result = sub(div(volume, ts_cap), xs_mean(pct_change(close, 20))) ```
[245] code_gen_0087: ```dsl_fire result = sub(logical_quantile(volume, 45), 0.7))  ```
[246] code_gen_0531: ```dsl_fire result = sub(div(ts_mean(pct_change(close, 20), 20), group_mean(pct_change(close, 20), industry)), group_std
[247] code_gen_0238: ```dsl_fire result = ts_fire  result = sub(pct_change(volume, 1), 0.0)   ```
[248] code_gen_0383: ```dsl_fire result = div(sub(high, 3), shift(high, 3)) ```
[249] code_gen_0534: ```dsl_fire result = where(logical_and(gt(log1p(ts_mean(volume, 20)), xs_mean(log1p(ts_mean(volume, 20))))) ```
[250] code_gen_0117: ```dsl_fire result = ts_argmin(market_cap, 20) ```
[251] code_gen_0220: </think>   </think>  ```dsl_fire   ```dsl_fire result = where(gttt(recip(pb), xs_mean(recip(pb))), gt(log(market_cap), x
[252] code_gen_0452: ```dsl_fire result = sub(1.0,s_quantile(volume, 3sub(market_cap, 3), 0.7)) ```
[253] code_gen_0413: </think>   </think>     ```dsl_fire    ```dsl_fire   ```
[254] code_gen_0384: ```dsl_fire result = div(sub(pct_change(high, 20), xs_mean(pct_change(high, 20))), 0.0) ```
[255] code_gen_0092: </think>         </think>  result = shift(volume, 3(volume, 3)), shift(volume, 3)) ```
[256] code_gen_0160: ```dsl_fire result = where(gt(open, xs_mean(open)), -1p(sub(open, ts_mean(open, 20)), ts_std(open, 20))), 0.0) ```
[257] code_gen_0415: ```dsl_fire result = where(gt(reclose, ts_mean(low, 20)), gt(reclose, ts_mean(low, 20))) ```
[258] code_gen_0402: ```dsl_fire result = where(gt(div(sub(open, xs_mean(open)), xs_mean(open)), -1.0)) ```
[259] code_gen_0144: ```dsl_fire result = neg(ts_std(pct_change(vwap, 1), 20)) ```
[260] code_gen_0006: </think>     ```dsl_fire result = shift(pct_change(close, 20))  ```
[261] code_gen_0018: </think>     ```dsl_fire result = shift(pct_change(close, 1), 0.0)  ```
[262] code_gen_0282: </think>   </think>     ```dsl_fire result = where(logical_mean(log1p(ts_mean(volume, 20)), xs_mean(log1p(ts_mean(volume
[263] code_gen_0470: ```dsl_fire result = div(sub(pct_change(close, 20), xs_mean(pct_change(close, 20))), xs_std(pct_change(close, 20))) ```
[264] code_gen_0152: ```dsl_fire result = sub(div(sub(close, 3),),solute(pct_change(close, 3))) ```
[265] code_gen_0430: ```dsl_fire result = where(gt(pct_change(close, 20), xs_mean(pct_change(close, 20)))), div(sub(pct_change(close, 20), xs
[266] code_gen_0232: </think>   </think>     ```dsl_fire result = shift(pct_change(close, 1), 20) ```
[267] code_gen_0113: ```dsl_fire result = ts_argmin(pct_change(log1p(market_cap, 3)), 0.0) ```
[268] code_gen_0186: ```dsl_fire result = where(gt(low, xs_mean(low)), 0.0)  ```
[269] code_gen_0346: ```dsl_fire result = div(sub(pct_change(pb, 20), xs_mean(pb))), xs_std(pct_change(reclose, 20))) ```
[270] code_gen_0500: ```dsl_fire result = div(sub(close, ts_min(low, 20)), sub(ts_max(high, 20), ts_min(low, 20))) ```
[271] code_gen_0004: </think>  ```dsl_fire result = open)  ```
[272] code_gen_0096: ```dsl_fire result = where(gttt(recip(pb), xs_mean(recip(pb))), gt(recip(pb), xs_mean(recip(pb))), log1p(recip(pb)))), 0
[273] code_gen_0064: </think>  ```dsl_fire   </think>   result = sub(pct_change(close, 20), 0.0) ```
[274] code_gen_0116: </think>   </think>     ```dsl_fire      ```dsl_fire result = negmax(market_cap, 20)) ```
[275] code_gen_0427: ```dsl_fire result = where(gt(reclose, 2), xs_mean(recip(pb))), 0.0)  ```
[276] code_gen_0442: ```dsl_fire result = where(div(sub(high, xs_mean(high)), xs_mean(high)), 0.0) ```
[277] code_gen_0054: </think>   </think>     </think>     ```dsl_fire result = where(log1p(ts_mean(volume, 20)), xs_mean(log1p(ts_mean(volume
[278] code_gen_0445: ```dsl_fire   ```dsl_fire result = absolute(div(sub(pb, market_cap), xs_mean(pct_change(close, 20))), xs_mean(pct_change
[279] code_gen_0008: </think>  ```dsl_fire result = open)  ```
[280] code_gen_0213: ```dsl_fire      ```dsl_fire result = absolute(pct_change(market_cap, 20)) ```
[281] code_gen_0354: ```dsl_fire result = div(sub(pct_change(pb, 20), xs_mean(pct_change(pb))), ts_std(pct_change(close, 1), 20)) ```
[282] code_gen_0572: </think>      ```dsl_fire    ```dsl_fire  result = shift(pct_change(close, 5)) ```
[283] code_gen_0362: ```dsl_fire result = div(sub(pct_change(market_cap, 3),), xs_mean(pct_change(close, 2))), 0.0) ```
[284] code_gen_0268: ```dsl_fire result = sub(pct_change(close, 20), 0.0) ```
[285] code_gen_0348: ```dsl_fire result = div(sub(pct_change(pb, 20), xs_mean(pb))), pct_change(pb, 20)) ```
[286] code_gen_0545: </think>   </think>  ```dsl_fire   ```dsl_fire result = where(gt(log1p(recip(pb), xs_mean(recip(pb))), xs_mean(log(marke
[287] code_gen_0015: ```dsl_fire result = sub(volume, ts_mean(volume, 20)) ```
[288] code_gen_0431: ```dsl_fire result = where(gt(div(sub(recip(pb)), xs_mean(recip(pb))), xs_std(recip(pb))), 0.0) ```
[289] code_gen_0527: ```dsl_fire result = div(sub(reclose, 3)), open) ```
[290] code_gen_0488: ```dsl_fire result = div(sub(close, ts_min(low, 20)), sub(ts_max(high, 20), ts_min(low, 20))) ```
[291] code_gen_0497: ```dsl_fire result = div(sub(reclose, 60), xs_mean(pct_change(close, 20))) ```
[292] code_gen_0123: ```dsl_fire result = ts_argmin(market_cap, 3) ```
[293] code_gen_0359: ```dsl_fire result = div(sub(market_cap, 60), group_mean(log(market_cap), industry)), group_std(log(market_cap), industr
[294] code_gen_0223: ```dsl_fire   result = open open open open open open open open)  ```
[295] code_gen_0278: ```dsl_fire result = div(sub(reclose, ts_min(low, 20)), sub(ts_max(high, 20), ts_min(low, 20))) ```
[296] code_gen_0103: ```dsl_fire result = shiftiftift(market_cap, 1), 5) ```
[297] code_gen_0357: ```dsl_fire result = ts_argmin(market_cap, 20) ```
[298] code_gen_0134: ```dsl_fire result = sub(pct_change(close, 20), 0.0) ```
[299] code_gen_0495: ```dsl_fire result = sub(volume, ts_mean(volume, 20)) ```
[300] code_gen_0447: ```dsl_fire result = where(gt(pct_change(pct_change(pct_change(pct_change(pb, 20), ts_mean(pct_change(pb, 20))), 0.0), 0
[301] code_gen_0010: </think>   </think>  ```dsl_fire   ```dsl_fire result = open open open)   ```
[302] code_gen_0060: ```dsl_fire result = where(gt(pct_change(close, 20), xs_mean(pct_change(close, 20)))), div(sub(pct_change(close, 20), xs
[303] code_gen_0197: </think>      ```dsl_fire   </think>  ```dsl_fire result = absolute(pct_change(vwap, 20)) ```
[304] code_gen_0533: ```dsl_fire result = div(sub(reclose, ts_min(low, 2)), sub(ts_max(pct_change(close, 2)), ts_std(pct_change(close, 1), 20
[305] code_gen_0561: ```dsl_fire result = sub(div(recip(pb)), pct_change(close, 2)), 0.0) ```
[306] code_gen_0598: ```dsl_fire result = div(sub(market_cap, group_mean(market_cap, 20), industry)), group_std(log(market_cap), industry) ``
[307] code_gen_0227: ```dsl_fire      ```dsl_fire result = open open open open open open open open open open open) ```
[308] code_gen_0518: ```dsl_fire result = div(sub(ts_std(close, 1), 20), group_mean(volume, 20), industry)) ```
[309] code_gen_0101: </think>   </think>     </think>     ```dsl_fire result = where(gt(log1p(log1p(recip(pb), xs_mean(recip(pb))), xs_mean(l
[310] code_gen_0580: ```dsl_fire result = div(sub(reclose, ts_mean(volume, 20)), group_mean(volume, 20)) ```
[311] code_gen_0261: ```dsl_fire result = div(sub(pct_change(high, 20), ts_mean(pct_change(close, 20))), ts_std(pct_change(close, 1), 20)) ``
[312] code_gen_0453: </think>   </think>     ```dsl_fire result = div(sub(market_cap, group_mean(market_cap, 20), industry)), group_std(div(v
[313] code_gen_0028: </think>  ```dsl_fire result = open)  ```
[314] code_gen_0388: ```dsl_fire result = div(sub(close, ts_min(low, 20)), sub(ts_max(high, 20), ts_min(low, 20))) ```
[315] code_gen_0542: </think>      </think>     ```dsl_fire    ```dsl_fire  result = shift(pct_change(close, 5)) ```
[316] code_gen_0030: </think>     ```dsl_fire result = open open open open)   ```
[317] code_gen_0342: ```dsl_fire result = where(gttt(recip(pb), xs_mean(recip(pb))), gt(recip(pb), xs_mean(recip(pb))), neg(div(sub(recip(pb)
[318] code_gen_0258: ```dsl_fire result = div(sub(close, ts_min(low, 20)), xs_mean(close, 20)) ```
[319] code_gen_0300: ```dsl_fire result = sub(div(recip(pb)), xs_mean(recip(pb))), gt(div(volume, market_cap), xs_mean(div(volume, market_cap
[320] code_gen_0250: ```dsl_fire result = div(sub(reclose, ts_min(low, 20)), xs_mean(close, 20)) ```
[321] code_gen_0596: ```dsl_fire result = div(sub(pct_change(market_cap, 20), xs_mean(pct_change(close, 20)))), log(market_cap, 60)) ```
[322] code_gen_0387: ```dsl_fire result = ts_argmaxminimum(close, 20) ```
[323] code_gen_0410: ```dsl_fire result = where(gt(reclose,solume, ts_mean(close, 45)), 0.0) ```
[324] code_gen_0456: ```dsl_fire result = where(div(sub(reclose, xs_mean(pct_change(close, 20))), -1.0), gt(div(volume, market_cap), xs_mean(
[325] code_gen_0131: ```dsl_fire result = sub(volume, 3) ```
[326] code_gen_0098: </think>         </think>  </think>         </think>     </think>     ```dsl_fire result = ts_ccclose, 20)  ```
[327] code_gen_0440: ```dsl_fire result = where(gt(pct_change(vwap, 20), xs_mean(vwap)), 0.0) ```
[328] code_gen_0069: ```dsl_fire result = sub(recip(pb), pct_change(close, 2))  ```
[329] code_gen_0095: </think>   </think>     </think>     ```dsl_fire result = where(gt(log1p(log1p(recip(pb), xs_mean(recip(pb))), xs_mean(l
[330] code_gen_0188: ```dsl_fire result = sub(sub(reclose, 3),), xs_quantile(close, 3sub(close, 3), 0.7)) ```
[331] code_gen_0450: ```dsl_fire result = where(div(sub(pct_change(pb, 2), xs_mean(pb))), -1.0) ```
[332] code_gen_0560: </think>      ```dsl_fire    ```dsl_fire  result = shift(pct_change(close, 2)) ```
[333] code_gen_0316: ```dsl_fire result = div(sub(reclose, 2)), open) ```
[334] code_gen_0461: </think>   </think>     ```dsl_fire result = where(log1p(ts_mean(volume, 20)), xs_mean(log1p(ts_mean(volume, 20)))) ```
[335] code_gen_0120: </think>   </think>     ```dsl_fire result = ts_fire  result = ts_corr(pct_change(market_cap, 2))  ```
[336] code_gen_0271: ```dsl_fire result = sub(volume, ts_close, 60) ```
[337] code_gen_0468: </think>  ```dsl_fire result = where(log1p(ts_mean(volume, 20)), xs_mean(log1p(ts_mean(volume, 20)))) ```
[338] code_gen_0201: ```dsl_fire result = where(gt(sub(high, 3), xs_mean(vwap)), 0.0) ```
[339] code_gen_0259: ```dsl_fire result = div(volume, ts_mean(volume, 20)) ```
[340] code_gen_0156: ```dsl_fire result = sub(opopopopopen, shift(open, 2))  ```
[341] code_gen_0540: ```dsl_fire result = where(gt(recip(pb), xs_mean(recip(pb))), gt(div(volume, market_cap), xs_mean(div(volume, market_cap
[342] code_gen_0555: ```dsl_fire result = sub(div(recip(pb)), pct_change(close, 2), 0.0) ```
[343] code_gen_0224: </think>     ```dsl_fire result = open open open open open)   ```
[344] code_gen_0073: ```dsl_fire result = open)  result = t ts_ccorr(pct_change(close, 2), pct_change(close, 2) ```
[345] code_gen_0242: ```dsl_fire result = div(sub(pct_change(close, 1), ts_mean(pct_change(close, 1), 30))) ```
[346] code_gen_0175: ```dsl_fire result = where(gt(reclose, ts_mean(low, 20)), div(sub(close, 20), group_mean(low, industry)), group_std(low,
[347] code_gen_0437: </think>   </think>     ```dsl_fire result = div(sub(pct_change(vwap, 20), group_mean(vwap, 20), industry)), 0.0) ```
[348] code_gen_0107: ```dsl_fire result = ts_argmin(pb, 20) ```
[349] code_gen_0161: ```dsl_fire result = where(gt(open, 3), 0.0) ```
[350] code_gen_0274: ```dsl_fire result = sub(pct_change(close, 3), pct_change(close, 1), 0.0) ```
[351] code_gen_0570: ```dsl_fire result = where(gt(recip(pb), xs_mean(recip(pb))), gt(recip(pb), 0.0) ```
[352] code_gen_0296: ```dsl_fire result = where(absolute(div(recip(pb)), group_mean(recip(pb)))), div(sub(recip(pb), xs_mean(recip(pb))), xs_
[353] code_gen_0589: ```dsl_fire result = ts_argmin(pct_change(market_cap, 20), 0.0) ```
[354] code_gen_0485: ```dsl_fire result = div(sub(pct_change(high, 20), xs_mean(pct_change(close, 20)))), pct_change(close, 20)) ```
[355] code_gen_0122: </think>   </think>     ```dsl_fire result = ts_fire  result = ts_corr(pct_change(market_cap, 3))  ```
[356] code_gen_0020: </think>  ```dsl_fire result = open)  ```
[357] code_gen_0595: ```dsl_fire result = ts_argmaxmin(pb, 20) ```
[358] code_gen_0432: ```dsl_fire result = where(gt(div(volume, market_cap), xs_mean(div(volume, market_cap))), -1.0) ```
[359] code_gen_0532: ```dsl_fire result = where(logical_res(div(volume, ts_close, ts_close, ts_close, 20)), ```
[360] code_gen_0472: ```dsl_fire result = open open open open)  ```
[361] code_gen_0408: ```dsl_fire result = where(gt(pct_change(close, 20), xs_mean(close)), 0.0) ```
[362] code_gen_0275: ```dsl_fire result = shift(volume, 35) ```
[363] code_gen_0503: ```dsl_fire result = div(volume, ts_mean(volume, 20)) ```
[364] code_gen_0314: </think>  ```dsl_fire result = shiftift(pct_change(close, 2)) ```
[365] code_gen_0489: ```dsl_fire result = div(sub(high, ts_min(low, 20)), sub(high, 60), ts_min(low, 20)) ```
[366] code_gen_0590: ```dsl_fire result = div(sub(pct_change(pb, 2), 0.0), ts_std(pct_change(pb, 1), 0.0)) ```
[367] code_gen_0055: </think>   </think>     ```dsl_fire    ```dsl_fire   ```
[368] code_gen_0382: ```dsl_fire result = div(sub(vwap, 3), open) ```
[369] code_gen_0074: </think>         </think>  </think>               </think>  ```dsl_fire   ```
[370] code_gen_0215: ```dsl_fire result = where(gt(log(market_cap), xs_mean(log(market_cap))), gt(market_cap)), 0.0) ```
[371] code_gen_0157: ```dsl_fire      ```dsl_fire result = absolute(pct_change(open, 20)) ```
[372] code_gen_0189: ```dsl_fire   </think>  ```dsl_fire result = absolute(pct_change(close, 20)) ```
[373] code_gen_0549: ```dsl_fire result = sub(div(recip(pb)), pct_change(close, 2)), pct_change(close, 5)) ```
[374] code_gen_0328: ```dsl_fire result = div(sub(reclose, 2)), open) ```
[375] code_gen_0211: </think>         ```dsl_fire result = where(sub(pct_change(pct_change(pb, 2), 0.7))solume, ts_std(pct_change(close, 2)))
[376] code_gen_0225: </think>   </think>     ```dsl_fire result = open open open open open open open open open open)  ```
[377] code_gen_0158: ```dsl_fire result = where(gt(open, xs_mean(open)), -1p(sub(open, ts_mean(open, 20)), ts_std(open, 20))), 0.0) ```
[378] code_gen_0066: ```dsl_fire result = where(gtttttttt(recip(pb), xs_mean(recip(pb))), gt(recip(pb), xs_mean(recip(pb))), xs_mean(recip(pb
[379] code_gen_0469: </think>      ```dsl_fire   ```dsl_fire result = where(gt(pct_change(close, 20), xs_mean(pct_change(close, 20))), log(vo
[380] code_gen_0203: ```dsl_fire result = where(gt(sub(high, 3), xs_mean(vwap)), 0.0) ```
[381] code_gen_0021: </think>  ```dsl_fire result = sub(pct_change(high, 20), 0.0) ```
[382] code_gen_0128: ```dsl_fire result = sub(pct_change(close, 20), 0.0) ```
[383] code_gen_0307: ```dsl_fire result = sub(log1p(volume, market_cap), log(market_cap), group_mean(log1p(volume, 20)), 0.0) ```
[384] code_gen_0522: </think>   </think>     ```dsl_fire result = where(logical_mean(gt(log1p(ts_mean(volume, 20)), xs_mean(log1p(ts_mean(vol
[385] code_gen_0435: ```dsl_fire result = where(gt(pct_change(close, 2), 0.0), pct_change(close, 2) ```
[386] code_gen_0396: ```dsl_fire result =solute(pct_change(open, 3)) ```
[387] code_gen_0193: ```dsl_fire result = where(gt(div(sub(volume, ts_mean(volume, 2)), xs_mean(volume, ts_mean(volume, 3)))) ```
[388] code_gen_0338: </think>      ```dsl_fire   ```dsl_fire result = shift(close, 20) ```
[389] code_gen_0027: ```dsl_fire result = sub(pct_change(close, 3)) ```
[390] code_gen_0044: ```dsl_fire result = where(ts_mean(pct_change(close, 1), 2), pct_change(close, 2), 0.0) ```
[391] code_gen_0446: ```dsl_fire result = where(gt(pct_change(pb, 20), xs_mean(pct_change(pb)))), 0.0) ```
[392] code_gen_0391: ```dsl_fire result = ts_argmaxmin(close, 3))  ```
[393] code_gen_0593: ```dsl_fire result = div(sub(pct_change(reclose, 3)), open) ```
[394] code_gen_0038: </think>   </think>  ```dsl_fire   result = open)      ```
[395] code_gen_0510: ```dsl_fire result = div(ts_std(pct_change(close, 1), 20), market_close, 60) ```
[396] code_gen_0118: </think>   </think>     ```dsl_fire      ```dsl_fire result = negmax(market_cap, 20)) ```
[397] code_gen_0591: ```dsl_fire result = ts_argmaxmin(pb, 35) ```
[398] code_gen_0526: ```dsl_fire result = where(log1p(ts_mean(volume, 20)), xs_mean(log1p(ts_mean(volume, 20)))) ```
[399] code_gen_0340: ```dsl_fire result = div(sub(reclose, ts_mean(volume, 20)), group_mean(volume, 20)) ```
[400] code_gen_0395: ```dsl_fire result = div(sub(close, ts_min(low, 20)), sub(ts_max(high, 20), ts_min(low, 20))) ```
[401] code_gen_0448: ```dsl_fire result = where(gt(pct_change(pb, 20), xs_mean(pb))), 0.0) ```
[402] code_gen_0343: ```dsl_fire result = sub(log1p(volume, market_cap), xs_mean(log1p(volume, 20))) ```
[403] code_gen_0047: ```dsl_fire result = sub(div(volume, 3), 45) ```
[404] code_gen_0221: </think>   </think>     </think>     </think>     </think>   ```dsl_fire   ```dsl_fire    ```
[405] code_gen_0240: ```dsl_fire result = sub(pct_change(close, 45), 45) ```
[406] code_gen_0491: ```dsl_fire result = div(volume, ts_corr(pct_change(close, 1), 20) ```
[407] code_gen_0385: ```dsl_fire result = sub(pct_change(high, 20), 0.0) ```
[408] code_gen_0568: ```dsl_fire result = div(sub(reclose, 2)), market_close, 2.0) ```
[409] code_gen_0097: ```dsl_fire result = open open open)   ```
[410] code_gen_0263: ```dsl_fire result = div(volume, ts_mean(volume, 20)) ```
[411] code_gen_0228: </think>   </think>     </think>     ```dsl_fire    ```dsl_fire   ```
[412] code_gen_0180: ```dsl_fire result = sub(low, 2 2 2 2 2), shift((close, 3ap, 2)) ```
[413] code_gen_0436: ```dsl_fire result =solute(sub(high, 3)) ```
[414] code_gen_0133: ```dsl_fire result = shiftiftiftift(volume, 3)) ```
[415] code_gen_0285: ```dsl_fire result = where(logical_and(gt(log(market_cap), ts_mean(log(market_cap)), ts_std(log1p(ts_mean(volume, 20)), 
[416] code_gen_0312: ```dsl_fire result = where(gt(recip(pb), xs_mean(recip(pb))), gt(recip(pb), 0.0) ```
[417] code_gen_0241: ```dsl_fire result = div(sub(pct_change(high, 45), ts_mean(pct_change(close, 45), 45), 45) ```
[418] code_gen_0102: ```dsl_fire result = where(gttt(recip(pb), xs_mean(recip(pb))), gt(log1p(recip(pb), xs_mean(recip(pb))), xs_mean(recip(p
[419] code_gen_0438: ```dsl_fire result = where(gt(pct_change(vwap, 20), xs_mean(vwap)), 0.0) ```
[420] code_gen_0335: </think>   </think>  ```dsl_fire   ```dsl_fire result = where(gt(log1p(recip(pb), xs_mean(recip(pb))), xs_mean(log1p(rec
[421] code_gen_0256: ```dsl_fire result = sub(pct_change(close, 20), 0.0) ```
[422] code_gen_0587: ```dsl_fire result = div(sub(pct_change(reclose, 20)), xs_mean(pct_change(pb))), 0.0) ```
[423] code_gen_0412: ```dsl_fire result = sub(high, shift(high, 3), shift(high, 3)) ```
[424] code_gen_0576: ```dsl_fire result = where(gt(recip(pb), xs_mean(recip(pb))), gt(recip(pb), xs_mean(recip(pb))), log1p(log(market_cap)))
[425] code_gen_0403: ```dsl_fire result = where(gt(open, 3), 0.0) ```
[426] code_gen_0177: ```dsl_fire result = where(gt(high, 2), 0.0) ```
[427] code_gen_0550: ```dsl_fire result = sub(div(volume, ts_close, 2)), pct_change(close, 3.0) ```
[428] code_gen_0135: ```dsl_fire result = ts_argmin(volume, 20) ```
[429] code_gen_0538: ```dsl_fire result = where(gt(log1ppct_change(close, 20)), gt(log1p(ts_mean(volume, 20)), 0.0) ```
[430] code_gen_0426: ```dsl_fire result = where(gt(reclose,solume, ts_mean(low, 45)), 0.0) ```
[431] code_gen_0125: ```dsl_fire result = ts_argmin(market_cap, 20) ```
[432] code_gen_0208: ```dsl_fire result = where(gt(pct_change(pb, 20), xs_mean(pct_change(pb))), 0.0), 0.0) ```
[433] code_gen_0439: ```dsl_fire result = where(gt(sub(high, vwap, vwap, vwap, 20)), -1.0) ```
[434] code_gen_0130: ```dsl_fire result = sub(pct_change(close, 3), 0.0) ```
[435] code_gen_0478: ```dsl_fire result = sub(pct_change(volume, 20), xs_mean(pct_change(close, 20))) ```
[436] code_gen_0546: </think>   </think>     ```dsl_fire result = where(gttt(recip(pb), xs_mean(recip(pb))), gt(recip(pb), xs_mean(recip(pb))
[437] code_gen_0184: ```dsl_fire result = where(gt(low, xs_mean(low)), 0.0)  ```
[438] code_gen_0091: ```dsl_fire result = shiftiftift(volume, 25) ```
[439] code_gen_0353: ```dsl_fire result = div(sub(pct_change(reclose, 3)), open) ```
[440] code_gen_0319: ```dsl_fire result = shift(absolute(pct_change(close, 2)))  ```
[441] code_gen_0245: ```dsl_fire result = div(sub(pct_change(high, 20), xs_mean(pct_change(close, 20)))), pct_change(close, 20)) ```
[442] code_gen_0147: ```dsl_fire result = shiftiftiftift(close, 20) ```
[443] code_gen_0524: ```dsl_fire result = where(ts_mean(pct_change(close, 1), 3), pct_change(close, 1), 0.0) ```
[444] code_gen_0207: ```dsl_fire result = where(gt(div(sub(pb, vwap), xs_mean(recip(pb))), xs_std(pb))), 0.0) ```
[445] code_gen_0104: </think>      </think>     ```dsl_fire    ```dsl_fire  result = shift(volume, 20)  ```
[446] code_gen_0360: ```dsl_fire result = div(sub(pct_change(market_cap, 2), ts_mean(volume, 2)), ts_std(log(market_cap), 0.0) ```
[447] code_gen_0558: ```dsl_fire result = where(gt(div(recip(pb), xs_mean(recip(pb))), gt(pct_change(close, 20), xs_mean(pct_change(close, 20
[448] code_gen_0079: ```dsl_fire result = open open open)   ```
[449] code_gen_0322: ```dsl_fire result = div(sub(pct_change(close, 45), group_mean(pct_change(close, 45),), group_std(pct_change(close, 45),
[450] code_gen_0168: ```dsl_fire result = where(gt(div(sub(close, xs_mean(close)), xs_std(close)), -1.0), 0.0) ```
[451] code_gen_0058: </think>   </think>     </think>     ```dsl_fire result = where(gtt(reclose, ts_mean(recip(pb), ts_mean(recip(pb)), pct_
[452] code_gen_0476: </think>   </think>  ```dsl_fire   ```dsl_fire result = where(gt(pct_change(close, 2)), pct_change(close, 2), 0.0) ```
[453] code_gen_0578: </think>      ```dsl_fire   ```dsl_fire result = shift(close, 20) ```
[454] code_gen_0315: ```dsl_fire result = sub(div(recip(pb)), pct_change(close, 2), 0.0) ```
[455] code_gen_0547: ```dsl_fire result = div(volume, market_cap), open) ```
[456] code_gen_0350: ```dsl_fire result = div(sub(pct_change(pb, 2), 0.0), ts_std(pct_change(pb, 1), 0.0)) ```
[457] code_gen_0162: ```dsl_fire result = where(gt(open, xs_mean(open, 45))  ```
[458] code_gen_0146: ```dsl_fire result = sub(pct_change(close, 20), 0.0) ```
[459] code_gen_0584: </think>   </think>     ```dsl_fire result = shift(close, 20)) ```
[460] code_gen_0483: ```dsl_fire result = sub(volume, ts_mean(volume, 45)) ```
[461] code_gen_0043: </think>   </think>     ```dsl_fire    result = sub(pct_change(close, 20), 0.0)  ```
[462] code_gen_0404: ```dsl_fire result = sub(close, 3 2close, 2close, 3solume) ```
[463] code_gen_0124: </think>   </think>     ```dsl_fire      ```dsl_fire result = ts_corr(market_cap, 20) ```
[464] code_gen_0330: ```dsl_fire result = where(gt(recip(pb), xs_mean(recip(pb))), gt(pct_change(close, 5))), 0.0) ```
[465] code_gen_0429: </think>      ```dsl_fire   ```dsl_fire result = shift(close, 5) ```
[466] code_gen_0425: ```dsl_fire result = where(gt(reclose, ts_mean(low, 2)), pct_change(close, 3)) ```
[467] code_gen_0381: ```dsl_fire result = div(sub(low, 2b, 3), open) ```
[468] code_gen_0068: </think>      </think>     result = shift(volume, 20)) ```
[469] code_gen_0034: </think>   </think>     ```dsl_fire      ```dsl_fire result = ts_ccorr(pct_change(close, 1), pct_change(close, 1), 45) `
[470] code_gen_0179: ```dsl_fire result = where(gt(high, ts_mean(high, 2)),solume, 3.0) ```
[471] code_gen_0501: ```dsl_fire result = div(sub(pct_change(high, 20), xs_mean(pct_change(close, 20))), ts_std(pct_change(close, 1), 20)) ``
[472] code_gen_0138: ```dsl_fire result = neg(ts_std(pct_change(vwap, 1), 20)) ```
[473] code_gen_0509: ```dsl_fire result = div(sub(pct_change(high, 20), xs_mean(pct_change(close, 20)))), ts_std(pct_change(close, 20))) ```
[474] code_gen_0592: ```dsl_fire result = div(sub(pct_change(pb, 3), 0.0), pct_change(pct_change(pb, 3))) ```
[475] code_gen_0003: ```dsl_fire result = sub(pct_change(close, 45), pct_change(close, 45))  ```
[476] code_gen_0002: </think>     ```dsl_fire result = shift(pct_change(close, 3))  ```
[477] code_gen_0325: ```dsl_fire result = open open open open)  ```
[478] code_gen_0454: ```dsl_fire result = where(gt(div(volume, market_cap), xs_mean(volume)), -1.0) ```
[479] code_gen_0173: ```dsl_fire      ```dsl_fire result = absolute(pct_change(high, 20)) ```
[480] code_gen_0484: ```dsl_fire result = open)  ```
[481] code_gen_0582: ```dsl_fire result = where(gttt(recip(pb), xs_mean(recip(pb))), gt(recip(pb), xs_mean(recip(pb))), neg(log1p(ts_mean(vol
[482] code_gen_0294: ```dsl_fire result = where(logical_and(gt(log1p(ts_mean(volume, 20)), xs_mean(log1p(ts_mean(volume, 20))))) ```
[483] code_gen_0556: ```dsl_fire result = div(sub(reclose, 3)), open) ```
[484] code_gen_0507: ```dsl_fire result = div(volume, 3), ```
[485] code_gen_0183: ```dsl_fire result = where(gt(reclose, ts_mean(low, 20)), div(sub(reclose, ts_mean(low, 20)), group_std(low, 20), ts_std
[486] code_gen_0141: ```dsl_fire result = ts_argmin(vwap, 3)) ```
[487] code_gen_0585: ```dsl_fire result = sub(div(recip(pb)), pct_change(close, 5), 0.0) ```
[488] code_gen_0136: ```dsl_fire result = div(sub(vwap, ts_close, 60)), pct_change(vwap, 60) ```
[489] code_gen_0541: </think>  ```dsl_fire result = shiftift(pct_change(close, 10), 0.0) ```
[490] code_gen_0364: ```dsl_fire result = div(sub(pct_change(market_cap, 20), xs_mean(pct_change(close, 20))), -1p(ts_std(volume, 20), indust
[491] code_gen_0061: ```dsl_fire result = open)  result = t ts_ccorr(pct_change(close, 10), 0.0)  ```
[492] code_gen_0594: ```dsl_fire result = div(sub(pct_change(pb, 20), xs_mean(pct_change(pb))), ts_std(pct_change(close, 1), 20)) ```
[493] code_gen_0267: ```dsl_fire result = div(sub(volume, 3), open) ```
[494] code_gen_0399: </think>      ```dsl_fire   ```dsl_fire result = where(sub(reclose, ts_mean(reclose, 20)), xs_std(close, 20)), 0.0) ```
[495] code_gen_0514: ```dsl_fire result = sub(pct_change(close, 3), pct_change(close, 1), 0.0) ```
[496] code_gen_0331: ```dsl_fire result = shift(pct_change(close, 5), 5) ```
[497] code_gen_0244: ```dsl_fire result = open)  ```
[498] code_gen_0139: ```dsl_fire result = ts_argmin(vwap, 20) ```
[499] code_gen_0216: ```dsl_fire result = where(gt(div(volume, market_cap), xs_mean(market_cap))), xs_std(market_cap)) ```
[500] code_gen_0441: ```dsl_fire result = where(div(sub(pct_change(high, 3), 2), xs_mean(pct_change(close, 3)))), 0.0) ```
[501] code_gen_0565: ```dsl_fire result = open open open)   ```
[502] code_gen_0517: ```dsl_fire result = sub(pct_change(close, 20), 0.0) ```
[503] code_gen_0243: ```dsl_fire result = sub(volume, ts_mean(volume, 45)) ```
[504] code_gen_0444: ```dsl_fire result =solute(pct_change(pb, 2)) ```
[505] code_gen_0397: </think>      </think>     ```dsl_fire    ```dsl_fire  result = absolute(pct_change(open, 20)) ```
[506] code_gen_0567: ```dsl_fire result = sub(div(sub(reclose, 45), ts_mean(pct_change(close, 45),), 45)), 4.0) ```
[507] code_gen_0583: ```dsl_fire result = sub(log1p(volume, market_cap), xs_mean(log1p(volume, 20))) ```
[508] code_gen_0233: </think>         </think>  result = shift(pct_change(close, 1), 0.0)  ```
[509] code_gen_0050: </think>   </think>     </think>     ```dsl_fire result = where(log1p(ts_mean(volume, 20)), xs_mean(log1p(ts_mean(volume
[510] code_gen_0499: ```dsl_fire result = div(volume, ts_mean(volume, 20)) ```
[511] code_gen_0072: ```dsl_fire result = where(gttt(recip(pb), xs_mean(recip(pb))), gt(log1p(recip(pb), xs_mean(recip(pb))), neg(log1p(recip
[512] code_gen_0530: ```dsl_fire result = where(logical_and(gt(log1p(ts_mean(volume, 20)), xs_mean(log1p(ts_mean(volume, 20))))), log1p(ts_me
[513] code_gen_0255: ```dsl_fire result = sub(volume, ts_mean(volume, 20)) ```
[514] code_gen_0480: ```dsl_fire result = sub(pct_change(close, 45), 45) ```
[515] code_gen_0145: ```dsl_fire result = open open open)   ```
[516] code_gen_0363: ```dsl_fire result = ts_argmin(market_cap, 3(market_cap, 3)), pct_change(close, 3) ```
[517] code_gen_0599: ```dsl_fire result = div(sub(market_cap, 60), xs_mean(log(market_cap))), xs_cap)) ```
[518] code_gen_0329: </think>     ```dsl_fire result = where(gt(log1p(log1p(ts_mean(volume, 20)), pct_change(close, 20), 20)), gt(pct_change(
[519] code_gen_0332: </think>      ```dsl_fire    ```dsl_fire  result = shift(pct_change(close, 5)) ```
[520] code_gen_0528: </think>   </think>     ```dsl_fire result = sub(pct_change(close, 20), xs_mean(pct_change(close, 20))) ```
[521] code_gen_0535: ```dsl_fire result = sub(div(volume, ts_cap), market_cap) ```
[522] code_gen_0053: </think>   </think>     ```dsl_fire    ```dsl_fire  result = add(pct_change(reclose, 3)), pct_change(close, 2)) ```
[523] code_gen_0086: ```dsl_fire      ```dsl_fire result = shift(volume, 45) ```
[524] code_gen_0262: ```dsl_fire result = sub(pct_change(close, 1), xs_mean(pct_change(close, 1)), 20) ```
[525] code_gen_0276: ```dsl_fire result = sub(pct_change(close, 20), 0.0) ```
[526] code_gen_0515: ```dsl_fire result = shift(volume, 35) ```
[527] code_gen_0320: </think>      ```dsl_fire    ```dsl_fire  result = shift(pct_change(close, 2)) ```
[528] code_gen_0226: </think>      result = shiftiftiftift(close, 1), ```
[529] code_gen_0257: ```dsl_fire result = div(sub(reclose, 60), xs_mean(pct_change(close, 20))) ```
[530] code_gen_0398: ```dsl_fire result = where(gt(open, xs_mean(open)), -1p(sub(open, ts_mean(open, 20)), ts_std(open, 20)) ```
[531] code_gen_0465: ```dsl_fire result = div(sub(pct_change(reclose, 20)), xs_mean(pct_change(close, 20))) ```
[532] code_gen_0024: </think>  ```dsl_fire result = ts_fire result = = = = = ts_close, 3))    ```
[533] code_gen_0093: ```dsl_fire result = sub(recip(pb),), div(sub(recip(pb), group_mean(recip(pb), industry)), group_std(recip(pb), pct_chan
[534] code_gen_0056: ```dsl_fire result = minimum(sub(reclose, group_mean(recip(pb), industry)), group_std(recip(pb), industry)), 0.0) ```
[535] code_gen_0148: ```dsl_fire result = sub(pct_change(close, 20), 0.0) ```
[536] code_gen_0358: ```dsl_fire result = div(sub(market_cap, group_mean(market_cap, 20), industry)), group_std(log(market_cap), industry) ``
[537] code_gen_0299: </think>   </think>  ```dsl_fire   ```dsl_fire result = where(gtttttt(recip(pb), xs_mean(recip(pb))), 0.0) ```
[538] code_gen_0352: ```dsl_fire result = div(sub(pct_change(pb, 3), 0.0), pct_change(pct_change(pb, 3))) ```
[539] code_gen_0486: ```dsl_fire result = div(ts_std(pct_change(close, 1), 20), ts_std(pct_change(close, 1), 20)) ```
[540] code_gen_0150: ```dsl_fire result = ts_fire  result = ts_corr(pct_change(close, 2))  ```
[541] code_gen_0016: </think>  ```dsl_fire result = open)  ```
[542] code_gen_0418: ```dsl_fire result = where(minimum(pct_change(high, 45), 0.0), 4.0) ```
[543] code_gen_0563: </think>   </think>     ```dsl_fire result = where(logical_and(gt(log1p(ts_mean(volume, 20)), xs_mean(log1p(ts_mean(volu
[544] code_gen_0039: ```dsl_fire result = sub(pct_change(close, 1), 0.0) ```
[545] code_gen_0345: ```dsl_fire result = sub(div(recip(pb)), pct_change(close, 5), 0.0) ```
[546] code_gen_0176: ```dsl_fire result = where(gt(high, xs_mean(high)), xs_mean(high) ```
[547] code_gen_0308: </think>     ```dsl_fire result = shiftift(close, 20)   ```
[548] code_gen_0031: ```dsl_fire result = sub(volume, ts_close, 60)) ```
[549] code_gen_0190: ```dsl_fire result = where(gt(div(sub(volume, xs_mean(volume)), xs_mean(volume)), -1.0), 0.0) ```
[550] code_gen_0266: ```dsl_fire result = div(sub(pct_change(close, 3))),solute(pct_change(close, 3))) ```
[551] code_gen_0411: ```dsl_fire result = where(div(sub(reclose, ts_mean(close, 5)), xs_std(close)), 0.0), pct_change(close, 5)) ```
[552] code_gen_0090: ```dsl_fire result = where(gttt(recip(pb), xs_mean(recip(pb))), gt(recip(pb), 0.0)), pct_change(close, 20) ```
[553] code_gen_0222: </think>   </think>     </think>     ```dsl_fire result = where(gt(pct_change(close, 20), xs_mean(pct_change(close, 20))
[554] code_gen_0490: ```dsl_fire result = sub(pct_change(close, 20), pct_change(close, 1), 0.0) ```
[555] code_gen_0280: ```dsl_fire result = div(sub(pct_change(close, 20), group_mean(pct_change(close, 20), industry)), group_std(pct_change(c
[556] code_gen_0401: ```dsl_fire result = where(div(sub(open, shift(open, 2)), shift(open, 3))), 0.0) ```
[557] code_gen_0286: ```dsl_fire result = where(logical_and(log1p(volume, market_cap), xs_mean(log1p(ts_mean(volume, 20))))) ```
[558] code_gen_0313: ```dsl_fire result = shiftift(pct_change(close, 2), 2) ```
[559] code_gen_0182: ```dsl_fire result = where(gt(low, xs_mean(low)), 0.0)  ```
[560] code_gen_0417: ```dsl_fire result = where(gt(high,sub(high, 3), xs_mean(high)), 0.0) ```
[561] code_gen_0575: </think>   </think>  ```dsl_fire   ```dsl_fire result = where(gt(log1p(recip(pb), xs_mean(recip(pb))), xs_mean(log1p(rec
[562] code_gen_0140: ```dsl_fire result = neg(ts_std(pct_change(vwap, 3)))  ```
[563] code_gen_0236: </think>   </think>     </think>     ```dsl_fire result = where(gt(pct_change(close, 3))), pct_change(volume, 3), 0.0) `
[564] code_gen_0423: </think>  ```dsl_fire result = where(gt(reclose, ts_mean(low, 20)), 0.0) ```
[565] code_gen_0577: ```dsl_fire result = sub(reclose, ts_close, 60) ```
[566] code_gen_0029: </think>  ```dsl_fire result = sub(pct_change(high, 20)) ```
[567] code_gen_0487: ```dsl_fire result = shift(volume, 20) ```
[568] code_gen_0218: </think>         ```dsl_fire   ```dsl_fire result = where(gt(log1p(market_cap, 45), 0.0) ```
[569] code_gen_0405: </think>     ```dsl_fire result = absolute(pct_change(close, 20)) ```
[570] code_gen_0297: </think>   </think>     ```dsl_fire    ```dsl_fire   ```
[571] code_gen_0349: ```dsl_fire result = ts_argmin(pct_change(log(market_cap), 0.0) ```
[572] code_gen_0209: ```dsl_fire result = where(gt(sub(pb, 2), xs_mean(pct_change(pb, 2))), 0.0), 0.0) ```
[573] code_gen_0237: </think>  ```dsl_fire result = div(sub(high, xs_mean(high)), xs_mean(high)) ```
[574] code_gen_0505: ```dsl_fire result = sub(pct_change(pct_change(close, 3)) ```
[575] code_gen_0254: ```dsl_fire result = div(sub(ts_std(close, 1), 20), group_mean(volume, 120), industry) ```
[576] code_gen_0457: ```dsl_fire result = where(gt(div(volume, shift(market_cap, 2), 5)), gt(log1p(market_cap, 2)), 0.0) ```
[577] code_gen_0569: </think>     ```dsl_fire result = where(gt(log1p(log1p(ts_mean(volume, 20)), ts_mean(log1p(ts_mean(volume, 20)), ts_mean
[578] code_gen_0390: ```dsl_fire result = div(sub(close, 2), open) ```
[579] code_gen_0392: ```dsl_fire result = div(sub(close, 3), shift(close, 3)) ```
[580] code_gen_0482: ```dsl_fire result = div(sub(pct_change(close, 1), ts_mean(pct_change(close, 1), 0.0), ts_std(close, 1), pct_change(clos
[581] code_gen_0421: </think>   </think>     ```dsl_fire result = absolute(pct_change(close, 20))   ```
[582] code_gen_0248: ```dsl_fire result = div(sub(close, ts_min(low, 20)), sub(ts_max(high, 20), ts_min(low, 20))) ```
[583] code_gen_0305: </think>   </think>  ```dsl_fire   ```dsl_fire result = where(gt(log1p(recip(pb), xs_mean(recip(pb))), xs_mean(log(marke
[584] code_gen_0035: ```dsl_fire result = shiftiftiftift(volume, 2)) ```
[585] code_gen_0192: ```dsl_fire result = where(gt(div(sub(volume, xs_mean(volume)), xs_mean(volume)), -1.0close, xs_mean(volume)), 0.0) ```
[586] code_gen_0386: ```dsl_fire result = div(sub(close, ts_min(low, 20)), sub(ts_max(high, 20), ts_min(low, 20))) ```
[587] code_gen_0552: ```dsl_fire result = where(gttt(recip(pb), xs_mean(recip(pb))), gt(pct_change(close, 5), 0.0)), pct_change(close, 5) ```
[588] code_gen_0253: ```dsl_fire result = div(sub(pct_change(high, 20), xs_mean(pct_change(close, 20))), 5)) ```
[589] code_gen_0393: ```dsl_fire result = ts_argmaxmin(close, 35) ```
[590] code_gen_0167: ```dsl_fire result = where(gt(reclose, ts_mean(close, 20)), div(sub(close, vwap), 0.0) ```
[591] code_gen_0001: </think>  ```dsl_fire result = sub(pct_change(high, 45), 0.0) ```
[592] code_gen_0333: ```dsl_fire result = sub(reclose, ts_mean(pct_change(close, 1), 0.0), pct_change(close, 5) ```
[593] code_gen_0317: </think>   </think>     ```dsl_fire result = where(gt(log1p(log1p(ts_mean(volume, 20)), xs_mean(log1p(ts_mean(volume, 20
[594] code_gen_0042: </think>   </think>     </think>     ```dsl_fire result = where(log1p(ts_mean(volume, 20)), xs_mean(log1p(ts_mean(volume
[595] code_gen_0235: </think>      ```dsl_fire      ```dsl_fire result = where(pct_change(close, 3), 0.0)  ```
[596] code_gen_0196: ```dsl_fire result = sub(sub(high, 2), shift(high, 3)) ```
[597] code_gen_0511: ```dsl_fire result = sub(volume, ts_close, 60) ```
[598] code_gen_0171: ```dsl_fire result = where(gt(div(sub(close, ts_mean(close, 5)), xs_std(close)), -1.0), pct_change(close, 5)) ```
[599] code_gen_0462: </think>   </think>     ```dsl_fire result = where(gt(pct_change(close, 20), xs_mean(pct_change(close, 20)))), div(sub(p
[600] code_gen_0455: </think>     ```dsl_fire result = where(gt(reclose, group_mean(market_cap), group_mean(log(market_cap), industry)), div(
