[1] code_gen_0579: ```dsl_fire result = div(sub(close, ts_min(low, 20)), sub(ts_max(high, 20), ts_min(low, 20))) ```
[2] code_gen_0566: ```dsl_fire result = ts_cumsum(pct_change(close, 1), 45) ```
[3] code_gen_0553: ```dsl_fire result = ts_reg_res(minimum(pct_change(close, 1), 2), 2) ```
[4] code_gen_0151: ```dsl_fire result = div(sub(shift(close, 2)), shift(close, 2) ```
[5] code_gen_0365: ```dsl_fire result = div( tsign(pct_change(close, 20), sub(ts_std(pct_change(close, 1), 20), ts_mean(ts_std(pct_change(c
[6] code_gen_0078: ```dsl_ffire result = where(logical_and(gt(recip(pb), xs_mean(recip(pb))), gt(pct_change(close, 20), xs_mean(pct_change(
[7] code_gen_0389: ```dsl_fire result = div(sub(shift(close, 1), shift(close, 1), shift(close, 1)) ```
[8] code_gen_0302: ```dsl_fire result = ts_regggmax(div(volume, market_cap), ts_cap) ```
[9] code_gen_0416: ```dsl_fire result = where(gt(div(sub(volume, ts_mean(volume, 20)), ts_std(shift(volume, 20))), xs_mean(div(volume, mark
[10] code_gen_0114: ```dsl_fire result = neg(ts_argmax(pb, 10)) ```
[11] code_gen_0321: ```dsl_fire result = sub(div(volume, market_cap), group_mean(div(volume, market_cap), industry)), group_std(div(volume, 
[12] code_gen_0205: ```dsl_fire result = div(sub(ts_std(pct_change(close, 1), xs_mean(pb)), group_std(pb, industry)), group_std(div(sub(pb, 
[13] code_gen_0202: ```dsl_fire result = where(gt(pct_change(volume, 7), xs_mean(log(market_cap))), div(sub(volume, 7), 0.0) ```
[14] code_gen_0198: ```dsl_fire result = where(gt(div(sub(volume, xs_mean(volume)), xs_std(volume)), gt(volume, xs_mean(volume)), xs_std(vol
[15] code_gen_0025: ```dsl_fire result = neg(ts_argmax(close, 3)) ```
[16] code_gen_0112: ```dsl_fire result = ts_argmin(ts_lt(pct_change(close, 1), 3)), 3) ```
[17] code_gen_0219: ```dsl_fire result = where(gt(ts_xor(pct_change(close, 7), xs_mean(pct_change(close, 7))), neg(sign(pct_change(close, 7)
[18] code_gen_0288: ```dsl_fire result = ts_std(pct_change(close, 1), 20), 1.0) ```
[19] code_gen_0217: ```dsl_fire result = where(gt(div(sub(log(market_cap), xs_mean(log(market_cap))), xs_std(log(market_cap))), 1.0) ```
[20] code_gen_0121: ```dsl_fire result = div(sub(shift(close, 2)), 2) ```
[21] code_gen_0127: ```dsl_fire result = ts_win_cumsum(pct_change(volume, 1), 20) ```
[22] code_gen_0327: ```dsl_fire result = div(sub(close, ts_min(low, 10)), sub(ts_max(high, 10), ts_min(low, 10))) ```
[23] code_gen_0326: ```dsl_fire result = ts_cumsum(pct_change(close, 1), 45) ```
[24] code_gen_0311: ```dsl_fire result = where(logical_or(gt(log(market_cap), xs_mean(log(market_cap))), gt(neg(log(market_cap)), xs_mean(ne
[25] code_gen_0291: ```dsl_fire result = div(ts_cap), group_mean(log(market_cap), industry)), group_sum(absolute(pct_change(close, 20)), ind
[26] code_gen_0014: ```dsl_fire result = sub(ts_mean(pct_change(close, 1), 20), ts_std(pct_change(close, 1), 120)) ```
[27] code_gen_0000: ```dsl_fire result = ts_prod(ts_volume), pct_change(close, 1), 45) ```
[28] code_gen_0085: ```dsl_fire result = div(ts_quantile(log), div(volume, ts_mean(log1p(ts_mean(volume, 20))), div(volume, market_cap), 0.0
[29] code_gen_0521: ```dsl_fire result = div(ts_lt(pct_change(close, 1), 20), ts_last(pct_change(close, 1), 20)) ```
[30] code_gen_0369: ```dsl_fire result = div(ts_cap, ts_last(shift(volume, 1), 10) ```
[31] code_gen_0153: ```dsl_fire result = div(sub(shift(close, 3)), shift(close, 3) ```
[32] code_gen_0477: ```dsl_fire result = pct_change(close, 3), 3.0) ```
[33] code_gen_0026: ```dsl_fire result = ts_prod(ts_volume), pct_change(close, 1), 3) ```
[34] code_gen_0506: ```dsl_fire result = ts_l_res(logical_l_l), pct_change(close, 1), 3) ```
[35] code_gen_0166: ```dsl_fire result = where(gt(div(sub(log(market_cap), xs_mean(log(market_cap))), xs_std(log(market_cap))), xs_mean(div(
[36] code_gen_0414: ```dsl_fire result = where(gt(div(sub(log(market_cap), xs_mean(log(market_cap))), xs_std(log(market_cap))), xs_mean(div(
[37] code_gen_0052: ```dsl_fire result = sub(ts_mean(pct_change(close, 1), 7), xs_mean(ts_std(pct_change(close, 1), 20))) ```
[38] code_gen_0109: ```dsl_fire result = div(pb, ts_last(shift(pb, 1), 10) ```
[39] code_gen_0301: ```dsl_fire result = ts_win_cumsum(pct_change(close, 1), 90) ```
[40] code_gen_0195: ```dsl_fire result = where(gt(ts_xor(pct_change(close, 7), xs_mean(pct_change(close, 7), xs_mean(pct_change(close, 7), 0
[41] code_gen_0247: ```dsl_fire result = pct_change(volume, 10) ```
[42] code_gen_0451: ```dsl_fire result = where(lt(neg(div(sub(pb, xs_mean(pb, 7)), xs_std(pb)), -1.0), 3.0) ```
[43] code_gen_0284: ```dsl_fire result = div(ts_std(pct_change(close, 1), 3), ts_mean(ts_std(pct_change(close, 1), 5), 5)) ```
[44] code_gen_0366: ```dsl_fire result = pct_change(volume, 5), div(volume, ts_cap, market_cap)), 60) ```
[45] code_gen_0099: ```dsl_fire result = div(sub(close, ts_min(low, 20)), sub(ts_max(high, 20), ts_min(low, 20))) ```
[46] code_gen_0260: ```dsl_fire result = div(ts_std(pct_change(close, 1), 20), ts_mean(ts_std(pct_change(close, 1), 20))) ```
[47] code_gen_0037: ```dsl_fire result = neg(pct_change(close, 10)) ```
[48] code_gen_0049: ```dsl_fire result = add(sqrt(recip(pb)), neg(pct_change(close, 10))) ```
[49] code_gen_0230: ```dsl_fire result = pct_change(close, 7)) ```
[50] code_gen_0252: ```dsl_fire result = pct_change(close, 10) ```
[51] code_gen_0094: ```dsl_fire result = add(log(recip(pb)), pct_change(close, 20)), 0.0) ```
[52] code_gen_0088: ```dsl_fire result = add(div(sub(recip(pb), group_mean(recip(pb), industry)), group_std(recip(pb), industry)), industry)
[53] code_gen_0375: ```dsl_fire result = pct_change(volume, 10) ```
[54] code_gen_0504: ```dsl_fire result = ts_prod(add(1.0) ```
[55] code_gen_0264: ```dsl_fire result = pct_change(close, 3) ```
[56] code_gen_0067: ```dsl_fire result = ts_prod(add(1.0, pct_change(close, 1)), 20) ```
[57] code_gen_0082: ```dsl_fire result = add(log(recip(pb)), pct_change(close, 45))) ```
[58] code_gen_0075: ```dsl_fire result = div(sub(close, ts_min(low, 10)), sub(ts_max(high, 10), ts_min(low, 10))) ```
[59] code_gen_0378: ```dsl_fire result = pct_change(volume, 10)) ```
[60] code_gen_0126: ```dsl_fire result = ts_win_cumsum(pct_change(volume, 1), 60) ```
[61] code_gen_0270: ```dsl_fire result = pct_change(close, 10) ```
[62] code_gen_0372: ```dsl_fire result = div(ts_argmax(volume, 3), ts_quantile(volume, 3, 0.0) ```
[63] code_gen_0110: ```dsl_fire result = neg(ts_argmax(pb, 2)) ```
[64] code_gen_0471: ```dsl_fire result = div(ts_lt(pct_change(volume, 1), 20)), neg(pct_change(volume, 5)) ```
[65] code_gen_0512: ```dsl_fire result = div(ts_std(pct_change(close, 1), 7), ts_mean(ts_std(pct_change(close, 1), 7), 15)),olute(pct_change
[66] code_gen_0269: ```dsl_fire result = ts_prod(add(1.0, pct_change(close, 1)), 20) ```
[67] code_gen_0229: ```dsl_fire result = where(logical_or(gt(div(sub(recip(pb), group_mean(recip(pb), industry)), group_std(recip(pb), indus
[68] code_gen_0523: ```dsl_fire result = add(div(sub(recip(pb), group_mean(recip(pb), industry)), group_std(recip(pb), industry)), div(pct_c
[69] code_gen_0115: ```dsl_fire result = ts_argmaxmin(volume, 10) ```
[70] code_gen_0106: ```dsl_fire result = ts_argmaxmin(pb, 10) ```
[71] code_gen_0498: ```dsl_fire result = pct_change(close, 20) ```
[72] code_gen_0204: ```dsl_fire result = div(sub(pb, xs_quantile(pb, 7)), xs_std(pb, 7)) ```
[73] code_gen_0019: ```dsl_fire result = neg(ts_volume ts_mean(volume, 1), 20) ```
[74] code_gen_0163: ```dsl_fire result = where(gt(ts_xor(pct_change(close, 7), xs_mean(pct_change(close, 7))), neg(sign(pct_change(close, 7)
[75] code_gen_0374: ```dsl_fire result = div(ts_quantile(log(market_cap), xs_mean(log(market_cap))), xs_std(log(market_cap)))) ```
[76] code_gen_0057: ```dsl_fire result = add(div(sub(recip(pb), group_mean(recip(pb), industry)), group_std(recip(pb), industry)), industry)
[77] code_gen_0011: ```dsl_fire result = pct_change(volume, 10) ```
[78] code_gen_0194: ```dsl_fire result = where(gt(ts_xor(pct_change(close, 10), xs_mean(pct_change(close, 7))), neg(pct_change(close, 7)), 0
[79] code_gen_0210: ```dsl_fire result = where(gt(div(sub(log(market_cap), xs_mean(log(market_cap))), xs_std(log(market_cap))), xs_mean(neg(
[80] code_gen_0022: ```dsl_fire result = sub(ts_mean(pct_change(close, 1), 20), ts_std(pct_change(close, 1), 120)) ```
[81] code_gen_0496: ```dsl_fire result = pct_change(close, 5) ```
[82] code_gen_0165: ```dsl_ffire result = div(sub(div(sub(close, ts_mean(close, 20)), ts_std(high, 20))), xs_mean(div(sub(close, ts_mean(clo
[83] code_gen_0377: ```dsl_fire result = div(sub(shift(volume, 1), shift(volume, 1), shift(close, 1), 10)) ```
[84] code_gen_0076: ```dsl_fire result = where(log(recip(pb)), pct_change(close, 2)) ```
[85] code_gen_0169: ```dsl_fire result = where(gt(div(sub(log(market_cap), xs_mean(log(market_cap))), xs_std(log(market_cap))), 1.0) ```
[86] code_gen_0460: ```dsl_fire result = where(log(market_cap), xs_mean(log(market_cap))) ```
[87] code_gen_0234: ```dsl_fire result = ts_corr(log(market_cap), 60) ```
[88] code_gen_0597: ```dsl_fire result = div(ts_olute(pct_change(close, 1), 20), xs_mean(log1p(ts_mean(volume, 20))))) ```
[89] code_gen_0080: ```dsl_fire result = ts_corr(pct_change(close, 1), 2) ```
[90] code_gen_0040: ```dsl_fire result = sub(ts_mean(pct_change(close, 1), 20), xs_mean(ts_std(pct_change(close, 1), 20))) ```
[91] code_gen_0005: ```dsl_fire result = ts_prod(add(1.0, pct_change(close, 1)), 20) ```
[92] code_gen_0081: ```dsl_fire result = div(sub(close, ts_min(low, 10)), sub(ts_max(high, 10), ts_min(low, 10))) ```
[93] code_gen_0559: ```dsl_fire result = ts_reg_res(logical_quantile(market_cap), xs_mean(log(market_cap))), div(sub(log(market_cap), xs_mea
[94] code_gen_0249: ```dsl_fire result = ts_prod(add(1.0, pct_change(close, 1)), 20) ```
[95] code_gen_0007: ```dsl_fire result = pct_change(volume, 10) ```
[96] code_gen_0463: ```dsl_fire result = pct_change(close, 5), market_cap) ```
[97] code_gen_0373: ```dsl_fire result = div(sub(shift(volume, 3)), shift(volume, 3) ```
[98] code_gen_0356: ```dsl_fire result = div(ts_wap, ts_last(shift(volume, 1), 7)), div(absolute(pct_change(close, 1)), xs_sum(absolute(pct_
[99] code_gen_0554: ```dsl_fire result = div(ts_std(pct_change(close, 1), 2), ts_std(pct_change(close, 1), 20)) ```
[100] code_gen_0306: ```dsl_fire result = where(logical_or(gt(log(market_cap), xs_mean(log(market_cap))), gt(neg(log(market_cap)), xs_mean(ne
[101] code_gen_0467: ```dsl_fire result = ts_corr(div(volume, market_cap), 60) ```
[102] code_gen_0181: ```dsl_ffire result = div(sub(ts_std(pct_change(close, 1), 20), group_mean(div(sub(reclose, vwap), vwap), industry)), gr
[103] code_gen_0420: ```dsl_fire result = sub(div(sub(close, xs_mean(close)), xs_std(close, 7)) ```
[104] code_gen_0142: ```dsl_fire result = ts_argmin(ts_lt(pct_change(vwap, 1), 3)), 3) ```
[105] code_gen_0557: ```dsl_fire result = where(logical_or(gt(neg(log(market_cap)), xs_mean(neg(log(market_cap)))), gt(log(market_cap), xs_me
[106] code_gen_0062: ```dsl_fire result = ts_corr(pct_change(close, 1), 90) ```
[107] code_gen_0336: ```dsl_fire result = where(logical_or(gt(log(market_cap), xs_mean(log(market_cap))), gt(neg(log(market_cap)), xs_mean(ne
[108] code_gen_0508: ```dsl_fire result = pct_change(close, 10) ```
[109] code_gen_0084: ```dsl_ffire result = where(log(recip(pb)), xs_mean(log(recip(pb)))), div(sub(log(market_cap), xs_mean(log(market_cap)))
[110] code_gen_0159: ```dsl_fire result = where(gt(log(market_cap), group_mean(log(market_cap), industry)), div(sub(volume, group_mean(log(ma
[111] code_gen_0154: ```dsl_fire result = ts_win_cumsum(pct_change(close, 1), 60) ```
[112] code_gen_0289: ```dsl_fire result = where(recip(pb), log(market_cap) ```
[113] code_gen_0200: ```dsl_fire result = where(gt(div(sub(volume, xs_mean(volume)), xs_std(volume)), gt(volume, xs_mean(volume)), 0.0) ```
[114] code_gen_0443: ```dsl_fire result = where(gt(div(sub(volume, xs_mean(volume, 7)), xs_std(volume)), -1.0), 1.0) ```
[115] code_gen_0170: ```dsl_fire result = where(gt(div(sub(log(market_cap), xs_mean(log(market_cap))), xs_std(log(market_cap))), xs_mean(div(
[116] code_gen_0323: ```dsl_fire result = where(log(market_cap), div(sub(log(market_cap), xs_mean(log(market_cap))), xs_std(log(market_cap)))
[117] code_gen_0536: ```dsl_fire result = div(div(sub(log(market_cap), group_mean(log(market_cap), industry)), group_std(log(market_cap), ind
[118] code_gen_0544: ```dsl_fire result = ts_std(minimum(pct_change(close, 1), 0.0), 20) ```
[119] code_gen_0119: ```dsl_fire result = ts_win_cumsum(pct_change(close, 1), 20) ```
[120] code_gen_0539: ```dsl_fire result = where(gt(div(sub(recip(pb), xs_mean(recip(pb))), xs_std(recip(pb))), xs_mean(div(sub(recip(pb), xs_
[121] code_gen_0458: ```dsl_fire result = where(gt(div(sub(log(market_cap), xs_mean(log(market_cap))), xs_std(log(market_cap))), xs_mean(log(
[122] code_gen_0571: ```dsl_fire result = ts_l_l_l_l_l_l_l_res(logical_l), log(market_cap, ts_last(log1p(volume, 20))), neg(neg(log(market_ca
[123] code_gen_0516: ```dsl_fire result = pct_change(volume, 5) ```
[124] code_gen_0459: ```dsl_fire result = where(gt(div(sub(volume, xs_mean(volume, 7)), xs_std(volume)), -1.0), 1.0) ```
[125] code_gen_0100: ```dsl_fire result = add(log(recip(pb)), pct_change(close, 20)), 0.0) ```
[126] code_gen_0481: ```dsl_fire result = neg(ts_argmax(log(market_cap, 45))) ```
[127] code_gen_0083: ```dsl_fire result = where(logical_xor(gt(neg(log(market_cap)), xs_mean(neg(log(market_cap)))), gt(log1p(ts_mean(volume,
[128] code_gen_0318: ```dsl_fire result = where(logical_or(gt(recip(pb), xs_mean(recip(pb))), gt(recip(pb), xs_mean(recip(pb)))), div(absolut
[129] code_gen_0077: ```dsl_fire result = where(logical_not(gt(neg(log(market_cap)), xs_mean(neg(log(market_cap)))), gt(log1p(ts_mean(volume,
[130] code_gen_0105: ```dsl_fire result = sub(ts_std(pct_change(close, 1), 20), ts_quantile(pct_change(close, 1), 0.0)) ```
[131] code_gen_0562: ```dsl_fire result = div(log(market_cap), group_mean(log(market_cap), industry)), div(sub(log(market_cap), group_mean(lo
[132] code_gen_0520: ```dsl_fire result = where(logical_and(gt(pct_change(close, 20), xs_mean(pct_change(close, 20)))), neg(log(market_cap)),
[133] code_gen_0464: ```dsl_fire result = div(ts_prod(add(1.0, pct_change(volume, 1), 10), xs_mean(shift(volume, 1), 10))) ```
[134] code_gen_0474: ```dsl_fire result = ts_std(pct_change(close, 1), 20) ```
[135] code_gen_0048: ```dsl_fire result = sub(ts_mean(pct_change(close, 1), 20), ts_std(pct_change(close, 1), 20)) ```
[136] code_gen_0502: ```dsl_fire result = pct_change(close, 60) ```
[137] code_gen_0551: ```dsl_fire result = where(logical_or(gt(log(market_cap), xs_mean(log(market_cap))), gt(neg(log(market_cap)), xs_mean(ne
[138] code_gen_0172: ```dsl_fire result = sub(log(market_cap), xs_quantile(log(market_cap), 0.2)) ```
[139] code_gen_0428: ```dsl_fire result = div(volume, xs_cap) ```
[140] code_gen_0422: ```dsl_fire result = where(sign(sub(recip(pb), xs_mean(recip(pb))), xs_std(recip(pb))), div(sub(log(market_cap), xs_mean
[141] code_gen_0033: ```dsl_fire result = ts_prod(add(1.0, pct_change(close, 1)), 45) ```
[142] code_gen_0013: ```dsl_fire result = ts_prod(ts_l), pct_change(close, 1), 5) ```
[143] code_gen_0355: ```dsl_fire result = div(sub(pb, ts_last(shift(pb, 1), 5)), ts_last(shift(pb, 1), 5)) ```
[144] code_gen_0041: ```dsl_fire result = add(sqrt(recip(pb)), pct_change(close, 20)), 0.0) ```
[145] code_gen_0337: ```dsl_fire result = ts_prod(add(1.0, pct_change(close, 1)), 45) ```
[146] code_gen_0272: ```dsl_fire result = ts_prod(add(1.0, pct_change(close, 1)), 7) ```
[147] code_gen_0293: ```dsl_fire result = div(sign(pct_change(close, 7), 120) ```
[148] code_gen_0065: ```dsl_fire result = where(logical_xor(gt(neg(log(market_cap)), xs_mean(neg(log(market_cap)))), gt(pct_change(close, 20)
[149] code_gen_0380: ```dsl_fire result = div(sub(shift(volume, 2)), shift(vwap, 2) ```
[150] code_gen_0185: ```dsl_fire result = where(gt(div(sub(log(market_cap), xs_mean(log(market_cap))), xs_std(log(market_cap))), -1.0), pct_c
[151] code_gen_0543: ```dsl_fire result = div(sub(close, ts_min(low, 10)), sub(ts_max(high, 10), ts_min(low, 10))) ```
[152] code_gen_0051: ```dsl_fire result = add(pct_change(close, 10), pct_change(close, 10)) ```
[153] code_gen_0529: ```dsl_fire result = where(recip(pb), log(market_cap) ```
[154] code_gen_0347: ```dsl_fire result = div(ts_cap, ts_last(shift(pb, 1), 10)), div(absolute(pb, 10)), 0.0) ```
[155] code_gen_0475: ```dsl_fire result = where(logical_xor(gt(pct_change(close, 3), xs_mean(pct_change(close, 3)), 3), lt(ts_std(pct_change(
[156] code_gen_0199: ```dsl_fire result = where(gt(log(market_cap, ts_mean(volume, 20)), neg(div(sub(volume, group_mean(volume, 20)), group_s
[157] code_gen_0400: ```dsl_fire result = where(sign(sign(sign(pct_change(close, 10), xs_mean(div(sub(pb, vwap, vwap), xs_mean(div(volume, vw
[158] code_gen_0273: ```dsl_fire result = ts_prod(div(sub(shift(close, 1), xs_mean(pct_change(close, 1), xs_mean(volume, 1)), 5)), log1p(ts_m
[159] code_gen_0324: ```dsl_fire result = where(logical_or(gt(recip(pb), xs_mean(recip(pb))), gt(pct_change(close, 20), xs_mean(pct_change(cl
[160] code_gen_0045: ```dsl_fire result = add(sqrt(recip(pb)), pct_change(close, 3)), 0.0) ```
[161] code_gen_0283: ```dsl_fire result = add(div(sub(recip(pb), group_mean(recip(pb), industry)), group_std(recip(pb), industry)), div(pct_c
[162] code_gen_0537: ```dsl_fire result = div(ts_mean(volume, 20), market_cap) ```
[163] code_gen_0063: ```dsl_fire result = sub(div(sub(close, ts_min(low, 20)), sub(ts_max(close, 20), ts_min(low, 20)))), pct_change(close, 2
[164] code_gen_0239: ```dsl_fire result = ts_prod(pct_change(close, 1), 3) ```
[165] code_gen_0206: ```dsl_fire result = where(gt(div(sub(log(market_cap), xs_mean(log(market_cap))), xs_std(log(market_cap))), xs_mean(div(
[166] code_gen_0406: ```dsl_fire result = where(gt(neg(div(sub(log(market_cap), xs_mean(log(market_cap))), xs_std(log(market_cap))), xs_mean(
[167] code_gen_0519: ```dsl_fire result = pct_change(volume, 20) ```
[168] code_gen_0137: ```dsl_fire result = ts_win_cumsum(pct_change(vwap, 1), 20) ```
[169] code_gen_0466: ```dsl_fire result = ts_l_l_l_l_l_l_l_l_l_res(logical_l), log(market_cap), log1p(ts_mean(volume, 20))), neg(log(market_c
[170] code_gen_0376: ```dsl_fire result = ts_win_cumsum(pct_change(vwap, 1), 45) ```
[171] code_gen_0191: ```dsl_fire result = where(gt(log(market_cap), group_mean(log(market_cap), industry)), div(sub(volume, group_mean(volume
[172] code_gen_0017: ```dsl_fire result = ts_prod(add(1.0, pct_change(close, 1)), 20) ```
[173] code_gen_0473: ```dsl_fire result = div(recip(pb), xs_mean(recip(pb))) ```
[174] code_gen_0281: ```dsl_fire result = div( tsign(pct_change(close, 20), log(market_cap, ts_min(low, 20)), 1.0) ```
[175] code_gen_0513: ```dsl_fire result = where(pct_change(close, 7) ```
[176] code_gen_0246: ```dsl_fire result = pct_change(volume, 60) ```
[177] code_gen_0573: ```dsl_fire result = div(div(volume, market_cap), group_mean(div(volume, market_cap), industry)), group_std(div(volume, 
[178] code_gen_0433: ```dsl_fire result = where(gt(div(sub(volume, xs_mean(volume, 3), xs_mean(volume)), -1.0), pct_change(close, 3), 0.0) ``
[179] code_gen_0295: ```dsl_fire result = add(div(sub(recip(pb), group_mean(recip(pb), industry)), group_std(recip(pb), industry)), neg(pct_c
[180] code_gen_0424: ```dsl_fire result = where(gt(div(sub(log(market_cap), xs_mean(log(market_cap))), xs_std(log(market_cap))), xs_mean(div(
[181] code_gen_0149: ```dsl_fire result = ts_win_cumsum(pct_change(close, 1), 20) ```
[182] code_gen_0548: ```dsl_fire result = ts_std(minimum(pct_change(close, 1), 0.0), 20) ```
[183] code_gen_0012: ```dsl_fire result = ts_prod(ts_volume), pct_change(close, 1), 10) ```
[184] code_gen_0310: ```dsl_fire result = div(div(sub(recip(pb), group_mean(recip(pb), industry)), group_std(recip(pb), industry)), div(sub(l
[185] code_gen_0265: ```dsl_fire result = neg(div(sub(log(market_cap), xs_mean(log(market_cap))), xs_std(log(market_cap))))) ```
[186] code_gen_0581: ```dsl_fire result = where(logical_or(gt(neg(log(market_cap)), xs_mean(neg(log(market_cap)))), gt(log(market_cap), xs_me
[187] code_gen_0370: ```dsl_fire result = pct_change(volume, 2) ```
[188] code_gen_0419: ```dsl_fire result = where(gt(div(sub(log(market_cap), xs_mean(log(market_cap))), xs_std(log(market_cap))), xs_mean(div(
[189] code_gen_0409: ```dsl_fire result = where(gt(div(sub(recip(pb), xs_mean(recip(pb)), xs_std(recip(pb)), xs_mean(div(sub(recip(pb), xs_me
[190] code_gen_0341: ```dsl_fire result = where(logical_or(gt(neg(log(market_cap)), xs_mean(neg(log(market_cap)))), gt(log(market_cap), xs_me
[191] code_gen_0071: ```dsl_fire result = where(logical_or(gt(neg(log(market_cap)), xs_mean(neg(log(market_cap)))), gt(log(market_cap), xs_me
[192] code_gen_0351: ```dsl_fire result = div(ts_olute(pct_change(volume, 2), 2) ```
[193] code_gen_0525: ```dsl_fire result = where(sqrt(recip(pb)), pct_change(close, 3), 0.0) ```
[194] code_gen_0586: ```dsl_fire result = ts_win_cumsum(pct_change(pb, 1), 5) ```
[195] code_gen_0111: ```dsl_fire result = ts_argmaxmin(pb, 2) ```
[196] code_gen_0303: ```dsl_fire result = div(sub(close, ts_min(low, 10)), sub(ts_max(high, 10), ts_min(low, 10))) ```
[197] code_gen_0371: ```dsl_fire result = div(sub) ```
[198] code_gen_0304: ```dsl_fire result = ts_std(minimum(pct_change(close, 1), 0.0), 20) ```
[199] code_gen_0070: ```dsl_fire result = add(log(recip(pb)), pct_change(close, 2), 0.0) ```
[200] code_gen_0494: ```dsl_fire result = div(ts_std(pct_change(close, 1), 20), ts_std(pct_change(close, 1), 20)) ```
[201] code_gen_0588: ```dsl_fire result = pct_change(close, 5), div(sub(pct_change(close, 5), xs_mean(pb)), xs_std(recip(pb)))) ```
[202] code_gen_0309: ```dsl_fire result = div(sub(close, ts_min(low, 20)), sub(ts_max(high, 20), ts_min(low, 20))) ```
[203] code_gen_0212: ```dsl_fire result = div(market_cap, xs_cap, 0.2)) </think> ```dsl_fire result = ts_corr(market_cap, vwap, 0.2)) ```
[204] code_gen_0493: ```dsl_fire result = neg(ts_std(pct_change(close, 1), 20)) ```
[205] code_gen_0023: ```dsl_fire result = neg(ts_argmax(volume, 10)) ```
[206] code_gen_0143: ```dsl_fire result = div(sub(shift(vwap, 3, 3)), shift(vwap, 3) ```
[207] code_gen_0407: ```dsl_fire result = where(logical_or(gt(log(gt(log(market_cap)), group_mean(neg(log(market_cap), industry)), group_std(
[208] code_gen_0564: ```dsl_fire result = where(logical_or(gt(recip(pb), xs_mean(recip(pb))), gt(pct_change(close, 20), xs_mean(pct_change(cl
[209] code_gen_0449: ```dsl_fire result = where(gt(div(sub(log(market_cap), xs_mean(log(market_cap))), xs_std(log(market_cap))), xs_mean(div(
[210] code_gen_0361: ```dsl_fire result = ts_win_cumsum(pct_change(market_cap, 1), 2) ```
[211] code_gen_0164: ```dsl_fire result = sub(close, xs_quantile(close, 0.2)) ```
[212] code_gen_0298: ```dsl_fire result = where(logical_and(gt(neg(log(market_cap)), xs_mean(neg(log(market_cap)))), gt(log(market_cap), xs_m
[213] code_gen_0174: ```dsl_fire result = where(gt(div(sub(log(market_cap), xs_mean(log(market_cap))), xs_std(log(market_cap))), xs_mean(div(
[214] code_gen_0214: ```dsl_fire result = where(gt(div(sub(log(market_cap), xs_mean(log(market_cap))), xs_std(log(market_cap))), xs_mean(div(
[215] code_gen_0277: ```dsl_fire result = neg(pct_change(close, 5)) ```
[216] code_gen_0251: ```dsl_fire result = div(sub(shift(volume, 1), shift(volume, 1), shift(close, 1)) ```
[217] code_gen_0036: ```dsl_fire result = ts_prod(ts_volume), pct_change(close, 1), 10) ```
[218] code_gen_0394: ```dsl_fire result = pct_change(close, 20) ```
[219] code_gen_0032: ```dsl_fire result = ts_prod(add(1.0, pct_change(close, 1)), 7) ```
[220] code_gen_0367: ```dsl_fire result = ts_win_cumsum(pct_change(volume, 1), 45) ```
[221] code_gen_0046: ```dsl_fire result = where(logical_xor(gt(pct_change(close, 20), xs_mean(pct_change(close, 20))), add(recip(pb), neg(pct
[222] code_gen_0089: ```dsl_fire result = where(logical_xor(gt(neg(log(market_cap)), xs_mean(neg(log(market_cap)))), gt(log(market_cap), xs_m
[223] code_gen_0059: ```dsl_fire result = where(logical_and(gt(recip(pb), xs_mean(recip(pb))), gt(pct_change(close, 20), xs_mean(pct_change(c
[224] code_gen_0108: ```dsl_fire result = neg(ts_argmax(pb, 10)) ```
[225] code_gen_0292: ```dsl_fire result = where(logical_mean(recip(pb)), xs_mean(log(market_cap)))), neg(pct_change(close, 7)) ```
[226] code_gen_0129: ```dsl_fire result = div(sub(shift(volume, 1), 10)), open) ```
[227] code_gen_0379: ```dsl_fire result = div(sub(volume, ts_last(shift(vwap, 1), 10)), ts_last(shift(vwap, 1), 10)) ```
[228] code_gen_0344: ```dsl_fire result = div(ts_std(pct_change(close, 1), 20), ts_std(pct_change(close, 1), 20)) ```
[229] code_gen_0009: ```dsl_fire result = ts_prod(add(1.0, pct_change(close, 1)), 20) ```
[230] code_gen_0339: ```dsl_fire result = div(sub(close, ts_min(low, 20)), sub(ts_max(high, 20), ts_min(low, 20))) ```
[231] code_gen_0132: ```dsl_fire result = ts_win_cumsum(pct_change(volume, 1), 3) ```
[232] code_gen_0479: ```dsl_fire result = div(pct_change(close, 3), pct_change(close, 3), 0.0) ```
[233] code_gen_0155: ```dsl_fire result = ts_win_cumsum(pct_change(close, 1), 20) ```
[234] code_gen_0368: ```dsl_fire result = div(sub(shift(volume, 1), shift(close, 1), shift(close, 1)), 2)), vwap, shift(close, 1 1)), shift(c
[235] code_gen_0178: ```dsl_fire result = where(gt(pct_change(close, 7), xs_mean(pct_change(close, 7))), neg(div(sub(log(market_cap), xs_mean
[236] code_gen_0290: ```dsl_fire result = where(logical_or(gt(neg(log(market_cap)), xs_mean(neg(log(market_cap)))), gt(pct_change(close, 20),
[237] code_gen_0492: ```dsl_fire result = pct_change(close, 10) ```
[238] code_gen_0231: ```dsl_fire result = ts_prod(add(1.0, pct_change(volume, 1)), 7) ```
[239] code_gen_0279: ```dsl_fire result = pct_change(volume, 20) ```
[240] code_gen_0287: ```dsl_fire result = div(div(sub(recip(pb), group_mean(recip(pb), industry)), group_std(recip(pb), industry)), industry)
[241] code_gen_0574: ```dsl_fire result = ts_std(minimum(pct_change(close, 1), 0.0), 120) ```
[242] code_gen_0187: ```dsl_fire result = where(gt(ts_xor(pct_change(close, 7), xs_mean(pct_change(close, 7))), neg(sign(pct_change(close, 7)
[243] code_gen_0434: ```dsl_fire result = where(gt(div(sub(volume, xs_mean(volume, 7)), xs_std(log(market_cap)))), xs_mean(div(sub(volume, ts
[244] code_gen_0334: ```dsl_fire result = ts_std(minimum(pct_change(close, 1), 0.0), 120) ```
[245] code_gen_0087: ```dsl_fire result = div(sub(close, ts_min(low, 10)), sub(ts_max(high, 10), ts_min(low, 10))) ```
[246] code_gen_0531: ```dsl_fire result = div(ts_cap), group_mean(log(market_cap), industry)), group_sum(absolute(pct_change(close, 20)), ind
[247] code_gen_0238: ```dsl_fire result = ts_prod(add(1.0, pct_change(volume, 1)), 3) ```
[248] code_gen_0383: ```dsl_fire result = div(sub(shift(volume, 3, 3)), shift(vwap, 3)) ```
[249] code_gen_0534: ```dsl_fire result = where(logical_or(gt(neg(log(market_cap)), xs_mean(neg(log(market_cap)))), gt(pct_change(close, 20),
[250] code_gen_0117: ```dsl_fire result = ts_win_cumsum(pct_change(close, 1), 20) ```
[251] code_gen_0220: ```dsl_fire result = where(log(market_cap), xs_mean(log(market_cap))) ```
[252] code_gen_0452: ```dsl_fire result = div(sub(shift(close, 7), shift(close, 7)), shift(close, 7)) ```
[253] code_gen_0413: ```dsl_fire result = div(sub(div(sub(log(market_cap), xs_mean(log(market_cap))), xs_std(log(market_cap))), xs_mean(div(s
[254] code_gen_0384: ```dsl_fire result = pct_change(volume, 10) ```
[255] code_gen_0092: ```dsl_fire result = ts_corr(div(volume, market_cap), pct_change(close, 5), 5) ```
[256] code_gen_0160: ```dsl_fire result = where(gt(div(sub(log(market_cap), xs_mean(log(market_cap))), xs_std(log(market_cap))), xs_mean(div(
[257] code_gen_0415: ```dsl_fire result = where(logical_or(gt(neg(div(sub(log(market_cap), group_mean(log(market_cap), industry)), group_std(
[258] code_gen_0402: ```dsl_fire result = where(gt(div(sub(volume, xs_mean(volume, 7)), xs_std(volume)), -1.0), div(sub(volume, ts_mean(volum
[259] code_gen_0144: ```dsl_fire result = ts_argmin(ts_lt(vwap, 20 20)), neg(pct_change(vwap, 20)), 0.0) ```
[260] code_gen_0006: ```dsl_fire result = sub(ts_mean(pct_change(close, 1), 20), ts_std(pct_change(close, 1), 120)) ```
[261] code_gen_0018: ```dsl_fire result = sub(ts_mean(pct_change(close, 1), 20), ts_std(pct_change(close, 1), 120)) ```
[262] code_gen_0282: ```dsl_fire result = where(logical_xor(gt(pct_change(close, 20), xs_mean(pct_change(close, 20))), add(recip(pb), neg(pct
[263] code_gen_0470: ```dsl_fire result = div(sub(log(market_cap), xs_mean(log(market_cap))), xs_std(log(market_cap)))) ```
[264] code_gen_0152: ```dsl_fire result = ts_argmin(ts_lt(pct_change(close, 1), 3)), 3) ```
[265] code_gen_0430: ```dsl_fire result = where(sign(sign(sign(pct_change(close, 10), xs_mean(volume)), -1.0), div(sub(volume, ts_mean(volume
[266] code_gen_0232: ```dsl_fire result = ts_prod(add(1.0, pct_change(close, 1)), 10) ```
[267] code_gen_0113: ```dsl_fire result = div(pct_change(close, 3), pct_change(close, 3), 0.8g(ts_volume, ts_cap, 3)), 0.0) ```
[268] code_gen_0186: ```dsl_fire result = where(gt(div(sub(log(market_cap), xs_mean(log(market_cap))), xs_std(log(market_cap))), xs_mean(div(
[269] code_gen_0346: ```dsl_fire result = ts_win_cumsum(pct_change(pb, 1), 5) ```
[270] code_gen_0500: ```dsl_fire result = div(ts_std(pct_change(close, 1), 20), ts_mean(ts_std(pct_change(close, 1), 20))) ```
[271] code_gen_0004: ```dsl_fire result = ts_prod(ts_mean(volume, 1), 20) ```
[272] code_gen_0096: ```dsl_ffire result = where(gt(recip(pb), xs_mean(recip(pb))), div(sub(log(market_cap), xs_mean(log(market_cap))), xs_st
[273] code_gen_0064: ```dsl_fire result = div(log(market_cap), group_mean(log(market_cap), industry)), div(sub(log(market_cap), group_mean(lo
[274] code_gen_0116: ```dsl_fire result = ts_win_cumsum(pct_change(market_cap, 1), 7) ```
[275] code_gen_0427: ```dsl_fire result = where(sign(sign(sign(pct_change(close, 7), xs_mean(pct_change(close, 7)), -1.0), 1.0) ```
[276] code_gen_0442: ```dsl_fire result = where(gt(pct_change(volume, 7), xs_mean(vwap)), neg(div(sub(volume, xs_mean(volume)), xs_std(volume
[277] code_gen_0054: ```dsl_fire result = where(logical_xor(gt(pct_change(close, 20), xs_mean(pct_change(close, 20))), add(recip(pb), neg(pct
[278] code_gen_0445: ```dsl_fire result = div(sub(div(sub(pb, ts_mean(pb, 20)), ts_std(sqrt(recip(pb)), industry)), group_mean(div(sub(pb, ts
[279] code_gen_0008: ```dsl_fire result = ts_prod(ts_mean(volume, 1), 20) ```
[280] code_gen_0213: ```dsl_fire result = div(sub(ts_std(pct_change(close, 1), 20), group_mean(div(sub(reclose, vwap), vwap), industry)), gro
[281] code_gen_0354: ```dsl_fire result = pct_change(volume, 20) ```
[282] code_gen_0572: ```dsl_fire result = ts_corr(div(volume, market_cap), pct_change(close, 5), 5) ```
[283] code_gen_0362: ```dsl_fire result = div(ts_last(shift(market_cap, 1), 3), ts_arg(ts_last(shift(market_cap, 1), 3)))) ```
[284] code_gen_0268: ```dsl_fire result = pct_change(close, 10) ```
[285] code_gen_0348: ```dsl_fire result = pct_change(close, 5), div(sub(pct_change(close, 5), xs_mean(pb)), xs_std(recip(pb)))) ```
[286] code_gen_0545: ```dsl_fire result = where(logical_or(gt(neg(log(market_cap)), xs_mean(neg(log(market_cap)))), gt(div(volume, market_cap
[287] code_gen_0015: ```dsl_fire result = pct_change(volume, 10) ```
[288] code_gen_0431: ```dsl_fire result = where(logical_or(gt(neg(log(market_cap)), group_mean(neg(log(market_cap), industry)), group_mean(ne
[289] code_gen_0527: ```dsl_fire result = div(ts_std(pct_change(close, 1), 20), ts_mean(ts_std(pct_change(close, 1), 20))) ```
[290] code_gen_0488: ```dsl_fire result = ts_prod(add(1.0, pct_change(close, 1)), 20) ```
[291] code_gen_0497: ```dsl_fire result = div(ts_quantile(log(market_cap), xs_mean(log(market_cap))), div(sub(log(market_cap), xs_mean(log(ma
[292] code_gen_0123: ```dsl_fire result = div(sub(shift(close, 3, tsolute(ts_last(shift(close, 1), 3)), ts_last(shift(close, 1), 3)) ```
[293] code_gen_0359: ```dsl_fire result = div(ts_cap, ts_last(shift(volume, 1), 10)), div(sub(shift(close, 1), 10)), ts_mean(shift(volume, 1)
[294] code_gen_0223: ```dsl_fire result = div(sub(log(market_cap), xs_mean(log(market_cap))), xs_std(log(market_cap)))) ```
[295] code_gen_0278: ```dsl_fire result = div(ts_std(pct_change(close, 1), 20), ts_std(pct_change(close, 1), 20)) ```
[296] code_gen_0103: ```dsl_fire result = ts_prod(add(1.0, pct_change(close, 1)), 20) ```
[297] code_gen_0357: ```dsl_fire result = div(ts_olute(pct_change(close, 20), gt(log(market_cap), xs_mean(log(market_cap))), div(sub(log(mark
[298] code_gen_0134: ```dsl_fire result = neg(ts_argmax(volume, 10)) ```
[299] code_gen_0495: ```dsl_fire result = pct_change(volume, 20), div(volume, ts_mean(volume, 20)), pct_change(close, 2)) ```
[300] code_gen_0447: ```dsl_fire result = where(gt(sqrt(recip(pb)), group_mean(sqrt(volume, 20)), div(sub(volume, xs_mean(volume)), xs_std(vo
[301] code_gen_0010: ```dsl_fire result = ts_reg_res(pct_change(close, 1), 20) ```
[302] code_gen_0060: ```dsl_fire result = where(logical_and(gt(div(volume, market_cap), xs_mean(div(volume, market_cap))), gt(recip(pb), xs_m
[303] code_gen_0197: ```dsl_fire result = div(sub(shift(vwap, 10), group_mean(div(sub(vwap, vwap), vwap), group_mean(div(sub(volume, vwap), v
[304] code_gen_0533: ```dsl_fire result = div(sign(pct_change(close, 7), log(market_cap)), neg(log(market_cap))) ```
[305] code_gen_0561: ```dsl_fire result = sub(div(volume, market_cap), group_mean(div(volume, market_cap), industry)), group_std(div(volume, 
[306] code_gen_0598: ```dsl_fire result = pct_change(market_cap, 5) ```
[307] code_gen_0227: ```dsl_fire result = ts_corr(log(market_cap), 20) ```
[308] code_gen_0518: ```dsl_fire result = div(ts_std(pct_change(close, 1), 20), ts_std(pct_change(close, 1), 20)) ```
[309] code_gen_0101: ```dsl_fire result = where(logical_xor(gt(neg(log(market_cap)), xs_mean(neg(log(market_cap)))), gt(log1p(ts_mean(volume,
[310] code_gen_0580: ```dsl_fire result = ts_std(div(recip(pb), industry)), neg(log(market_cap))) ```
[311] code_gen_0261: ```dsl_fire result = ts_win_res(pct_change(volume, 1), log(volume, ts_mean(volume, 20)) ```
[312] code_gen_0453: ```dsl_fire result = div(sub(shift(close, 21), xs_mean(div(sub(volume, vwap, vwap), xs_mean(div(volume, market_cap)))), 
[313] code_gen_0028: ```dsl_fire result = ts_prod(ts_mean(volume, 1), 20) ```
[314] code_gen_0388: ```dsl_fire result = pct_change(close, 5), lt(ts_lt(pct_change(close, 1), 5), xs_mean(pct_change(close, 5)))) ```
[315] code_gen_0542: ```dsl_fire result = ts_corr(div(volume, market_cap), pct_change(close, 1), 90) ```
[316] code_gen_0030: ```dsl_fire result = sub(ts_mean(pct_change(close, 1), 10), ts_var(pct_change(close, 1), 20)) ```
[317] code_gen_0342: ```dsl_fire result = where(logical_or(gt(recip(pb), xs_mean(recip(pb))), gt(pct_change(close, 20), xs_mean(pct_change(cl
[318] code_gen_0258: ```dsl_fire result = pct_change(close, 20) ```
[319] code_gen_0300: ```dsl_fire result = where(logical_or(gt(neg(log(market_cap)), xs_mean(neg(log(market_cap)))), gt(pct_change(close, 20),
[320] code_gen_0250: ```dsl_fire result = pct_change(close, 60) ```
[321] code_gen_0596: ```dsl_fire result = div(ts_wap, ts_last(shift(volume, 1), 7)), div(absolute(shift(close, 1 1 1), xs_mean(log(market_cap
[322] code_gen_0387: ```dsl_fire result = div(ts_cap, ts_last(shift(volume, 1), 10)), div(sub(shift(close, 1), 10)), ts_mean(volume, 10)) ```
[323] code_gen_0410: ```dsl_fire result = where(sign(sign(sub(volume, xs_mean(volume)), xs_std(log(market_cap))), div(sub(volume, ts_mean(vol
[324] code_gen_0456: ```dsl_fire result = where(gt(neg(log(market_cap)), xs_mean(neg(log(market_cap)))), div(sub(volume, xs_mean(volume, 20))
[325] code_gen_0131: ```dsl_fire result = div(sub(shift(volume, 2)), shift(close, 2) ```
[326] code_gen_0098: ```dsl_fire result = ts_corr(pct_change(close, 1), 45) ```
[327] code_gen_0440: ```dsl_fire result = where(gt(div(sub(volume, xs_mean(volume, 20)), xs_std(volume)), xs_std(volume)), 0.0) ```
[328] code_gen_0069: ```dsl_fire result = sub(ts_std(pct_change(close, 1), 20), ts_quantile(div(volume, market_cap), 20)) ```
[329] code_gen_0095: ```dsl_fire result = where(logical_xor(gt(neg(log(market_cap)), xs_mean(neg(log(market_cap)))), gt(log(market_cap), xs_m
[330] code_gen_0188: ```dsl_fire result = div(volume, xs_quantile(log(market_cap), 0.2)) ```
[331] code_gen_0450: ```dsl_fire result = where(gt(div(sub(pb, xs_mean(volume, 7)), xs_std(volume)), gt(volume, xs_mean(volume)), 0.0) ```
[332] code_gen_0560: ```dsl_fire result = ts_reg_res(div(volume, market_cap), pct_change(close, 1), 2) ```
[333] code_gen_0316: ```dsl_fire result = ts_corr(log(market_cap), group_mean(log(market_cap), industry)), div(volume, market_cap), 60) ```
[334] code_gen_0461: ```dsl_fire result = where(logical_arggt(log(market_cap), xs_mean(log(market_cap))), gt(log1p(ts_mean(volume, 20)), xs_m
[335] code_gen_0120: ```dsl_fire result = ts_argmin(ts_olute(pct_change(close, 1)), 2) ```
[336] code_gen_0271: ```dsl_fire result = pct_change(volume, 10) ```
[337] code_gen_0468: ```dsl_fire result = where(logical_xor(gt(pct_change(close, 20), xs_mean(pct_change(close, 20))), gt(div(volume, market_
[338] code_gen_0201: ```dsl_fire result = where(gt(ts_std(pct_change(close, 3), 1), 1.0), div(sub(volume, ts_mean(volume, 3)), ts_std(volume,
[339] code_gen_0259: ```dsl_fire result = pct_change(volume, 20), div(volume, ts_mean(volume, 20)), pct_change(close, 5), 0.0) ```
[340] code_gen_0156: ```dsl_fire result = div(open, xs_quantile(log(market_cap), 0.2)) ```
[341] code_gen_0540: ```dsl_fire result = where(logical_or(gt(neg(log(market_cap)), xs_mean(neg(log(market_cap)))), gt(pct_change(close, 20),
[342] code_gen_0555: ```dsl_fire result = div(sub(close, ts_min(low, 7)), sub(ts_max(high, 7), ts_min(low, 20))) ```
[343] code_gen_0224: ```dsl_fire result = ts_prod(add(1.0, pct_change(volume, 1)), 7) ```
[344] code_gen_0073: ```dsl_fire result = div(ts_quantile(log), div(volume, 20), div(sub(log1p(ts_mean(volume, 20)), ts_std(log(market_cap)))
[345] code_gen_0242: ```dsl_fire result = div(ts_quantile(pct_change(close, 1), 10), ts_std(pct_change(close, 1), 10)) ```
[346] code_gen_0175: ```dsl_fire result = where(gt(log(market_cap), group_mean(log(market_cap), industry)), div(sub(volume, group_mean(log(ma
[347] code_gen_0437: ```dsl_fire result = div(sub(shift(volume, 21), group_mean(volume, industry)), group_std(volume, industry)) ```
[348] code_gen_0107: ```dsl_fire result = div(pb, ts_close, 60) ```
[349] code_gen_0161: ```dsl_fire result = where(gt(div(sub(log(market_cap), xs_mean(log(market_cap))), xs_std(log(market_cap))), 1.0) ```
[350] code_gen_0274: ```dsl_fire result = pct_change(close, 7) ```
[351] code_gen_0570: ```dsl_fire result = where(logical_or(gt(recip(pb), xs_mean(recip(pb))), gt(recip(pb), xs_mean(recip(pb)))), div(absolut
[352] code_gen_0296: ```dsl_fire result = div(div(volume, market_cap), group_mean(log(market_cap), industry)), group_sum(absolute(log(market_
[353] code_gen_0589: ```dsl_fire result = div( tsignargmax(pb, 10) ```
[354] code_gen_0485: ```dsl_fire result = ts_prod(add(1.0, pct_change(close, 1)), 20) ```
[355] code_gen_0122: ```dsl_fire result = ts_argmin(ts_lt(shift(market_cap, 1), 3)), neg(ts_volume, 15)) ```
[356] code_gen_0020: ```dsl_fire result = ts_prod(ts_mean(volume, 1), 20) ```
[357] code_gen_0595: ```dsl_fire result = div( tsign(pct_change(close, 20), gt(pb, ts_mean(pb, 20))) ```
[358] code_gen_0432: ```dsl_fire result = where(gt(div(sub(volume, xs_mean(volume, 20)), xs_std(volume)), gt(volume, ts_mean(volume)), 1.0)),
[359] code_gen_0532: ```dsl_fire result = where(logical_mean(recip(pb)), xs_mean(log(market_cap)))), neg(pct_change(close, 7)) ```
[360] code_gen_0472: ```dsl_fire result = ts_prod(add(1.0, pct_change(close, 1)), 10) ```
[361] code_gen_0408: ```dsl_fire result = where(sign(sign(pct_change(close, 20), xs_mean(pct_change(close, 20))), div(sub(pct_change(close, 2
[362] code_gen_0275: ```dsl_fire result = div(sub(shift(volume, 7)), shift(volume, 7) ```
[363] code_gen_0503: ```dsl_fire result = div(ts_std(pct_change(close, 1), 20), ts_mean(volume, 1), 20) ```
[364] code_gen_0314: ```dsl_fire result = div(ts_std(pct_change(close, 1), 2), ts_std(pct_change(close, 1), 20)) ```
[365] code_gen_0489: ```dsl_fire result = ts_prod(add(1.0, pct_change(close, 1)), 20) ```
[366] code_gen_0590: ```dsl_fire result = div(ts_argmax(volume, 2)), ts_sum(ge(shift(volume, 1), 2)) ```
[367] code_gen_0055: ```dsl_fire result = add(pct_change(close, 7), pct_change(close, 7), 0.0) ```
[368] code_gen_0382: ```dsl_fire result = ts_waprt(ts_argmax(vwap, 3)) ```
[369] code_gen_0074: ```dsl_fire result = ts_corr(div(volume, market_cap), pct_change(close, 1), 2) ```
[370] code_gen_0215: ```dsl_fire result = where(le(log(market_cap), group_mean(log(market_cap), industry)), div(sub(neg(log(market_cap)), gro
[371] code_gen_0157: ```dsl_fire result = div(sub(div(sub(low, vwap, ts_mean(low, vwap, 20)), xs_std(log(recip(pb)))), group_mean(div(sub(clo
[372] code_gen_0189: ```dsl_ffire result = div(sub(ts_std(pct_change(close, 1), 20), group_mean(div(sub(pct_change(close, 20), xs_mean(pct_ch
[373] code_gen_0549: ```dsl_fire result = div(sub(close, ts_min(low, 20)), sub(ts_max(high, 20), ts_min(low, 20))) ```
[374] code_gen_0328: ```dsl_fire result = where(log(recip(pb)), pct_change(close, 5)) ```
[375] code_gen_0211: ```dsl_fire result = where(gt(ts_xor(pct_change(close, 7), xs_mean(pb)), xs_std(pct_change(close, 7)))), pct_change(clos
[376] code_gen_0225: ```dsl_fire result = ts_prod(add(1.0, pct_change(close, 1)), 10) ```
[377] code_gen_0158: ```dsl_fire result = where(gt(div(sub(log(market_cap), xs_mean(log(market_cap))), xs_std(log(market_cap))), xs_mean(div(
[378] code_gen_0066: ```dsl_fire result = where(logical_and(gt(recip(pb), xs_mean(recip(pb))), gt(pct_change(close, 20), xs_mean(pct_change(c
[379] code_gen_0469: ```dsl_fire result = where(logical_or(gt(div(volume, market_cap), xs_mean(div(volume, market_cap))), gt(div(volume, mark
[380] code_gen_0203: ```dsl_fire result = where(gt(ts_xor(pct_change(volume, 7), xs_mean(log(market_cap))), xs_std(log(market_cap))), 0.0) ``
[381] code_gen_0021: ```dsl_fire result = ts_prod(add(1.0, pct_change(close, 1)), 20) ```
[382] code_gen_0128: ```dsl_fire result = ts_argmax(volume, 10) ```
[383] code_gen_0307: ```dsl_fire result = ts_prod(add(1.0, pct_change(close, 1)), 20) ```
[384] code_gen_0522: ```dsl_fire result = where(logical_xor(gt(pct_change(close, 20), xs_mean(pct_change(close, 20))), add(recip(pb), neg(pct
[385] code_gen_0435: ```dsl_fire result = where(gt(div(sub(volume, xs_mean(volume, 7)), xs_std(volume)), -1.0), pct_change(close, 7), 0.0) ``
[386] code_gen_0396: ```dsl_fire result = pct_change(volume, 7, 7)) ```
[387] code_gen_0193: ```dsl_fire result = where(gt(ts_xor(pct_change(close, 3), xs_mean(volume)), 3), 3.0) ```
[388] code_gen_0338: ```dsl_fire result = ts_std(minimum(pct_change(close, 1), 0.0), 120) ```
[389] code_gen_0027: ```dsl_fire result = div(ts_quantile(volume, 3), ts_mean(volume, 3), pct_change(volume, 3), 3) ```
[390] code_gen_0044: ```dsl_fire result = sub(ts_mean(pct_change(close, 1), 3), ts_std(pct_change(close, 1), 90)) ```
[391] code_gen_0446: ```dsl_fire result = where(gt(div(sub(volume, ts_mean(volume, 20)), ts_std(shift(volume, 20))), group_mean(div(volume, m
[392] code_gen_0391: ```dsl_fire result = ts_win_cumsum(pct_change(close, 1), 2) ```
[393] code_gen_0593: ```dsl_fire result = div( tsign(pct_change(close, 3), 3), sub(ts_max(volume, 3), ts_mean(volume, 20))) ```
[394] code_gen_0038: ```dsl_fire result = neg(ts_varg(pct_change(close, 1), 20)) ```
[395] code_gen_0510: ```dsl_fire result = pct_change(close, 10) ```
[396] code_gen_0118: ```dsl_fire result = ts_argmax(market_cap, 10) ```
[397] code_gen_0591: ```dsl_fire result = div(ts_olute(pct_change(volume, 2), 2) ```
[398] code_gen_0526: ```dsl_fire result = where(logical_not(gt(log1p(ts_mean(volume, 20)), xs_mean(log1p(ts_mean(volume, 20))))), neg(log1p(t
[399] code_gen_0340: ```dsl_fire result = ts_std(div(recip(pb), industry)), neg(log(market_cap))) ```
[400] code_gen_0395: ```dsl_fire result = div(sub(shift(close, 1), shift(close, 1), shift(close, 1)) ```
[401] code_gen_0448: ```dsl_fire result = where(gt(div(sub(pb, xs_mean(pb)), xs_std(pb)), xs_std(pb)), 0.0) ```
[402] code_gen_0343: ```dsl_fire result = ts_prod(add(1.0, pct_change(close, 1)), 20)), neg(log1p(ts_mean(volume, 20)))) ```
[403] code_gen_0047: ```dsl_fire result = add(div(sub(recip(pb), group_mean(recip(pb), industry)), group_std(recip(pb), industry)), industry)
[404] code_gen_0221: ```dsl_fire result = where(logical_xor(gt(pct_change(close, 20), xs_mean(pct_change(close, 20))), gt(div(volume, market_
[405] code_gen_0240: ```dsl_fire result = pct_change(close, 45) ```
[406] code_gen_0491: ```dsl_fire result = pct_change(volume, 5) ```
[407] code_gen_0385: ```dsl_fire result = ts_win_cumsum(pct_change(vwap, 1), 45) ```
[408] code_gen_0568: ```dsl_fire result = div(recip(pb), group_mean(recip(pb), industry)), group_std(recip(pb), industry)) ```
[409] code_gen_0097: ```dsl_fire result = ts_prod(add(1.0, pct_change(close, 1)), 45) ```
[410] code_gen_0263: ```dsl_fire result = div(ts_std(pct_change(close, 1), 20), ts_mean(ts_std(pct_change(close, 1), 20)))), div(volume, mark
[411] code_gen_0228: ```dsl_fire result = where(logical_xor(gt(pct_change(close, 20), xs_mean(pct_change(close, 20))), gt(div(volume, market_
[412] code_gen_0180: ```dsl_fire result = sub(low, xs_quantile(log(market_cap), 0.2)) ```
[413] code_gen_0436: ```dsl_fire result = sub(log(market_cap), xs_cap, ts_quantile(log(market_cap,_cap, ts_cap, 20)), 0.0) ```
[414] code_gen_0133: ```dsl_fire result = div(sub(shift(volume, 3, tsolume, 1), sub(ts_last(shift(volume, 1), 3), ts_min(low, 1), 3)) ```
[415] code_gen_0285: ```dsl_fire result = where(sqrt(recip(pb)), pct_change(close, 3), 0.0) ```
[416] code_gen_0312: ```dsl_fire result = where(logical_or(gt(recip(pb), xs_mean(recip(pb))), gt(pct_change(close, 20), xs_mean(pct_change(cl
[417] code_gen_0241: ```dsl_fire result = neg(ts_argmax(log(market_cap, 45))) ```
[418] code_gen_0102: ```dsl_fire result = where(logical_and(gt(recip(pb), xs_mean(recip(pb))), gt(pct_change(close, 20), xs_mean(pct_change(c
[419] code_gen_0438: ```dsl_fire result = where(gt(div(sub(volume, xs_mean(volume, 20)), xs_std(volume)), xs_std(volume)), 0.0) ```
[420] code_gen_0335: ```dsl_fire result = where(logical_or(gt(neg(log(market_cap)), xs_mean(neg(log(market_cap)))), gt(log(market_cap), xs_me
[421] code_gen_0256: ```dsl_fire result = pct_change(close, 5) ```
[422] code_gen_0587: ```dsl_fire result = div(ts_cap, ts_last(shift(volume, 1), 10)), div(sub(shift(close, 1), xs_mean(pct_change(close, 1), 
[423] code_gen_0412: ```dsl_fire result = sub(div(volume, xs_mean(volume, 7)), xs_std(log(market_cap))) ```
[424] code_gen_0576: ```dsl_fire result = where(logical_or(gt(log(market_cap), xs_mean(log(market_cap))), gt(neg(log(market_cap)), xs_mean(ne
[425] code_gen_0403: ```dsl_fire result = where(sign(sign(sign(pct_change(close, 7), xs_mean(volume)), -1.0), pct_change(close, 7), 0.0) ```
[426] code_gen_0177: ```dsl_fire result = where(gt(div(sub(log(market_cap), xs_mean(log(market_cap))), xs_std(log(market_cap))), xs_mean(div(
[427] code_gen_0550: ```dsl_fire result = div(div(sub(recip(pb), group_mean(recip(pb), industry)), group_std(recip(pb), industry)), div(sub(l
[428] code_gen_0135: ```dsl_fire result = ts_win_cumsum(pct_change(volume, 1), 20) ```
[429] code_gen_0538: ```dsl_fire result = where(logical_and(gt(neg(log(market_cap)), xs_mean(neg(log(market_cap)))), gt(log(market_cap), xs_m
[430] code_gen_0426: ```dsl_fire result = where(gt(div(sub(volume, ts_mean(volume, 7), ts_last(shift(volume, 7))), xs_mean(log(market_cap))))
[431] code_gen_0125: ```dsl_fire result = ts_win_cumsum(pct_change(close, 1), 20) ```
[432] code_gen_0208: ```dsl_fire result = where(gt(sqrt(recip(pb)), xs_mean(sqrt(recip(pb)))), neg(log(market_cap)), 0.0) ```
[433] code_gen_0439: ```dsl_fire result = where(logical_or(gt(neg(log(market_cap)), group_mean(neg(log(market_cap), industry)), group_mean(ne
[434] code_gen_0130: ```dsl_fire result = neg(ts_argmax(volume, 2)) ```
[435] code_gen_0478: ```dsl_fire result = ts_prod(add(1.0, pct_change(volume, 1)), 3) ```
[436] code_gen_0546: ```dsl_fire result = where(logical_or(gt(log(market_cap), xs_mean(log(market_cap))), gt(neg(log(market_cap)), xs_mean(ne
[437] code_gen_0184: ```dsl_fire result = where(gt(div(sub(log(market_cap), xs_mean(log(market_cap))), xs_std(log(market_cap))), xs_mean(div(
[438] code_gen_0091: ```dsl_fire result = ts_reg_res(log1p(ts_mean(volume, 20))), 5) ```
[439] code_gen_0353: ```dsl_fire result = div( tsign(pct_change(close, 3), 3), sub(ts_max(volume, 3), ts_mean(volume, 20))) ```
[440] code_gen_0319: ```dsl_fire result = ts_reg_res(logical_mean(lt(volume, ts_mean(volume, 20)), div(volume, market_cap), pct_change(close,
[441] code_gen_0245: ```dsl_fire result = ts_prod(add(1.0, pct_change(close, 1)), 20) ```
[442] code_gen_0147: ```dsl_fire result = ts_win_cumsum(pct_change(close, 1), 20) ```
[443] code_gen_0524: ```dsl_fire result = div(ts_std(pct_change(close, 1), 3), ts_mean(ts_std(pct_change(close, 1), 5), pct_change(close, 1),
[444] code_gen_0207: ```dsl_fire result = where(gt(pb, group_mean(volume, industry)), div(sub(volume, group_mean(volume, industry)), group_st
[445] code_gen_0104: ```dsl_fire result = ts_corr(pct_change(close, 1), 20) ```
[446] code_gen_0360: ```dsl_fire result = div(ts_argmax(volume, 2), ts_quantile(log(market_cap, ts_mean(volume, 20))) ```
[447] code_gen_0558: ```dsl_fire result = where(logical_and(gt(recip(pb), xs_mean(recip(pb))), gt(log(recip(pb)), xs_mean(log(market_cap)))) 
[448] code_gen_0079: ```dsl_fire result = ts_reg_res(log1p(ts_mean(volume, 20))), div(sub(log1p(ts_mean(volume, 20)), xs_mean(log1p(ts_mean(v
[449] code_gen_0322: ```dsl_fire result = div(log(market_cap), group_mean(log(market_cap), industry)), div(sub(log(market_cap), group_mean(lo
[450] code_gen_0168: ```dsl_fire result = where(gt(div(sub(log(market_cap), xs_mean(log(market_cap))), xs_std(log(market_cap))), xs_mean(div(
[451] code_gen_0058: ```dsl_fire result = where(logical_or(gt(neg(log(market_cap)), xs_mean(neg(log(market_cap)))), gt(log(market_cap), xs_me
[452] code_gen_0476: ```dsl_fire result = where(logical_or(gt(neg(log(market_cap)), xs_mean(neg(log(market_cap)))), neg(pct_change(close, 20)
[453] code_gen_0578: ```dsl_fire result = ts_std(minimum(pct_change(close, 1), 0.0), 120) ```
[454] code_gen_0315: ```dsl_fire result = div(sub(close, ts_min(low, 7)), sub(ts_max(high, 7), ts_min(low, 20))) ```
[455] code_gen_0547: ```dsl_fire result = ts_prod(add(1.0, pct_change(close, 1)), 20) ```
[456] code_gen_0350: ```dsl_fire result = div(ts_argmax(volume, 2)), ts_sum(ge(shift(volume, 1), 2)) ```
[457] code_gen_0162: ```dsl_fire result = where(gt(div(sub(log(market_cap), xs_mean(log(market_cap))), xs_std(log(market_cap))), xs_mean(div(
[458] code_gen_0146: ```dsl_fire result = ts_win_cumsum(pct_change(close, 1), 10) ```
[459] code_gen_0584: ```dsl_fire result = ts_prod(add(1.0, pct_change(close, 1)), 20) ```
[460] code_gen_0483: ```dsl_fire result = pct_change(volume, 45), div(volume, ts_mean(volume, 45)) ```
[461] code_gen_0043: ```dsl_fire result = add(pct_change(close, 20), pct_change(close, 20), 0.0) ```
[462] code_gen_0404: ```dsl_fire result = div(sub(close, xs_mean(close)), xs_std(close, 7)) ```
[463] code_gen_0124: ```dsl_fire result = ts_win_argmax(market_cap, 10)) ```
[464] code_gen_0330: ```dsl_fire result = where(logical_or(gt(recip(pb), xs_mean(recip(pb))), gt(recip(pb), xs_mean(recip(pb)))), div(absolut
[465] code_gen_0429: ```dsl_fire result = div(sub(ts_std(pct_change(close, 1), 20), group_mean(div(sub(volume, vwap), vwap), industry)), grou
[466] code_gen_0425: ```dsl_fire result = where(sign(sign(sign(sub(volume, ts_mean(volume, 3)), ts_std(volume, 3), 3.0)) ```
[467] code_gen_0381: ```dsl_fire result = div(sub(shift(volume, 2)), 2) ```
[468] code_gen_0068: ```dsl_fire result = ts_corr(pct_change(close, 1), 60) ```
[469] code_gen_0034: ```dsl_fire result = ts_prod(pct_change(close, 1), 7) ```
[470] code_gen_0179: ```dsl_fire result = where(gt(ts_xor(pct_change(close, 7), xs_mean(pct_change(close, 7), xs_mean(pct_change(close, 7))))
[471] code_gen_0501: ```dsl_fire result = ts_win_res(ts_last(pct_change(volume, 1), 20)), div(sub(shift(volume, 1), xs_mean(volume, 1), xs_me
[472] code_gen_0138: ```dsl_fire result = ts_argmin(ts_lt(pct_change(vwap, 1), 10)), neg(pct_change(volume, 10)) ```
[473] code_gen_0509: ```dsl_fire result = ts_prod(add(1.0, pct_change(close, 1)), 20) ```
[474] code_gen_0592: ```dsl_fire result = ts_argmaxmin(volume, 3) ```
[475] code_gen_0003: ```dsl_fire result = pct_change(volume, 45) ```
[476] code_gen_0002: ```dsl_fire result = neg(ts_varg(pct_change(close, 1), 20)) ```
[477] code_gen_0325: ```dsl_fire result = ts_reg_res(minimum(pct_change(close, 1), 0.0), div(ts_std(pct_change(close, 1), 20), ts_std(pct_cha
[478] code_gen_0454: ```dsl_fire result = where(gt(div(sub(log(market_cap), xs_mean(log(market_cap))), xs_std(log(market_cap))), xs_mean(log(
[479] code_gen_0173: ```dsl_ffire result = div(sub(ts_std(pct_change(close, 1), 20), group_mean(div(sub(reclose, vwap), vwap), industry)), gr
[480] code_gen_0484: ```dsl_fire result = pct_change(close, 20) ```
[481] code_gen_0582: ```dsl_fire result = where(logical_or(gt(recip(pb), xs_mean(recip(pb))), gt(pct_change(close, 20), xs_mean(pct_change(cl
[482] code_gen_0294: ```dsl_fire result = where(logical_or(gt(neg(log(market_cap)), xs_mean(neg(log(market_cap)))), gt(pct_change(close, 20),
[483] code_gen_0556: ```dsl_fire result = ts_corr(log(market_cap), group_mean(log(market_cap), industry)), div(volume, market_cap), 60) ```
[484] code_gen_0507: ```dsl_fire result = pct_change(volume, 3 3 3 3 3)) ```
[485] code_gen_0183: ```dsl_fire result = where(gt(log(market_cap), group_mean(log(market_cap), industry)), div(sub(close, group_mean(log(mar
[486] code_gen_0141: ```dsl_fire result = ts_win_cumsum(pct_change(vwap, 1), 2) ```
[487] code_gen_0585: ```dsl_fire result = sub(div(sub(close, ts_min(low, 20)), sub(ts_max(high, 20), ts_min(low, 20))))) ```
[488] code_gen_0136: ```dsl_fire result = ts_win_cumsum(pct_change(vwap, 1), 10) ```
[489] code_gen_0541: ```dsl_fire result = ts_win_cumsum(pct_change(close, 1), 90) ```
[490] code_gen_0364: ```dsl_fire result = pct_change(market_cap, 5), div(sub(shift(market_cap, 1), xs_mean(log(market_cap))), xs_std(log(mark
[491] code_gen_0061: ```dsl_fire result = ts_prod(add(1.0, pct_change(close, 1)), 90), 90) ```
[492] code_gen_0594: ```dsl_fire result = pct_change(volume, 20) ```
[493] code_gen_0267: ```dsl_fire result = div(ts_prod(pct_change(close, 1), 3), ts_var(pct_change(close, 1), 3)) ```
[494] code_gen_0399: ```dsl_fire result = where(gt(div(sign(pct_change(close, 20), group_mean(volume, industry)), group_std(div(sub(volume, v
[495] code_gen_0514: ```dsl_fire result = pct_change(close, 7) ```
[496] code_gen_0331: ```dsl_fire result = ts_l_l_l_l_l_l_l_res(logical_l), log(market_cap, ts_last(log1p(volume, 20))), neg(neg(log(market_ca
[497] code_gen_0244: ```dsl_fire result = pct_change(close, 20) ```
[498] code_gen_0139: ```dsl_fire result = div(sub(vwap, tsolume, ts_last(shift(vwap, 1), 10)), ts_last(shift(vwap, 1), 10)) ```
[499] code_gen_0216: ```dsl_fire result = where(gt(div(sub(log(market_cap), xs_mean(log(market_cap))), xs_std(log(market_cap))), xs_mean(div(
[500] code_gen_0441: ```dsl_fire result = where(le(sub(volume, xs_mean(volume, 3)), xs_std(volume)), -1.0) ```
[501] code_gen_0565: ```dsl_fire result = ts_prod(div(volume, market_cap), pct_change(close, 2), 45) ```
[502] code_gen_0517: ```dsl_fire result = ts_prod(add(1.0, pct_change(close, 1)), 5) ```
[503] code_gen_0243: ```dsl_fire result = pct_change(volume, 45), div(volume, ts_mean(volume, 45)) ```
[504] code_gen_0444: ```dsl_fire result = div(volume, xs_cap) ```
[505] code_gen_0397: ```dsl_fire result = div(sub(div(sub(open, ts_mean(low, 20)), sub(div(sign(pct_change(close, 20), xs_mean(div(sub(reclos
[506] code_gen_0567: ```dsl_fire result = div(sub(close, ts_min(low, 10)), sub(ts_max(high, 10), ts_min(low, 10))) ```
[507] code_gen_0583: ```dsl_fire result = ts_prod(add(1.0, pct_change(close, 1)), 20)), neg(pct_change(close, 1), 0.0) ```
[508] code_gen_0233: ```dsl_fire result = ts_std(pct_change(close, 1), 20) ```
[509] code_gen_0050: ```dsl_fire result = where(logical_xor(gt(pct_change(close, 20), xs_mean(pct_change(close, 20))), add(recip(pb), neg(pct
[510] code_gen_0499: ```dsl_fire result = pct_change(volume, 20), div(volume, ts_mean(volume, 20)), pct_change(close, 5), 0.0) ```
[511] code_gen_0072: ```dsl_ffire result = where(log(recip(pb)), xs_mean(log(recip(pb)))), div(sub(log(market_cap), xs_mean(log(market_cap)))
[512] code_gen_0530: ```dsl_fire result = where(logical_or(gt(neg(log(market_cap)), xs_mean(neg(log(market_cap)))), gt(pct_change(close, 20),
[513] code_gen_0255: ```dsl_fire result = pct_change(volume, 20), div(volume, ts_mean(volume, 20)), pct_change(close, 60)) ```
[514] code_gen_0480: ```dsl_fire result = pct_change(close, 45) ```
[515] code_gen_0145: ```dsl_fire result = ts_win_cumsum(pct_change(vwap, 1), 20) ```
[516] code_gen_0363: ```dsl_fire result = div(ts_argmax(volume, 3), ts_last(shift(volume, 1), 3)), 3.0) ```
[517] code_gen_0599: ```dsl_fire result = div(ts_cap, ts_last(shift(volume, 1), 10)), div(sub(shift(close, 1), 10)), ts_mean(shift(volume, 1)
[518] code_gen_0329: ```dsl_fire result = where(logical_or(gt(neg(log(market_cap)), xs_mean(neg(log(market_cap)))), gt(log(market_cap), xs_me
[519] code_gen_0332: ```dsl_fire result = ts_corr(div(volume, market_cap), pct_change(close, 5), 5) ```
[520] code_gen_0528: ```dsl_fire result = ts_std(pct_change(close, 1), 20), 1.0) ```
[521] code_gen_0535: ```dsl_fire result = add(div(sub(recip(pb), group_mean(recip(pb), industry)), group_std(recip(pb), industry)), neg(pct_c
[522] code_gen_0053: ```dsl_fire result = add(sqrt(recip(pb)), pct_change(close, 5), 0.0) ```
[523] code_gen_0086: ```dsl_fire result = ts_corr(div(volume, ts_mean(div(volume, market_cap), 20)), pct_change(close, 1), 45)) ```
[524] code_gen_0262: ```dsl_fire result = pct_change(close, 60) ```
[525] code_gen_0276: ```dsl_fire result = pct_change(volume, 5) ```
[526] code_gen_0515: ```dsl_fire result = div(sub(shift(volume, 7)), shift(volume, 7) ```
[527] code_gen_0320: ```dsl_fire result = ts_reg_res(div(volume, market_cap), pct_change(close, 1), 2) ```
[528] code_gen_0226: ```dsl_fire result = ts_reg_res(recip(pb), log(market_cap), 20) ```
[529] code_gen_0257: ```dsl_fire result = div(ts_cor(pct_change(close, 1), 20), ts_mean(log(market_cap))) ```
[530] code_gen_0398: ```dsl_fire result = where(sign(sign(sub(volume, xs_mean(volume)), xs_std(volume)), xs_std(volume)), 0.0) ```
[531] code_gen_0465: ```dsl_fire result = pct_change(volume, 10) ```
[532] code_gen_0024: ```dsl_fire result = ts_prod(add(ts_mean(volume, 1)), pct_change(close, 1), 3) ```
[533] code_gen_0093: ```dsl_fire result = div(sub(close, ts_min(low, 5)), sub(ts_max(high, 5), ts_min(low, 5))) ```
[534] code_gen_0056: ```dsl_fire result = add(log(market_cap), industry) ```
[535] code_gen_0148: ```dsl_fire result = ts_win_cumsum(pct_change(close, 1), 10) ```
[536] code_gen_0358: ```dsl_fire result = pct_change(market_cap, 5) ```
[537] code_gen_0299: ```dsl_fire result = where(gt(recip(pb), xs_mean(recip(pb))), div(sub(log(market_cap), xs_mean(log(market_cap))), xs_std
[538] code_gen_0352: ```dsl_fire result = ts_argmaxmin(volume, 3) ```
[539] code_gen_0486: ```dsl_fire result = pct_change(volume, 20) ```
[540] code_gen_0150: ```dsl_fire result = ts_argmin(ts_olute(pct_change(close, 1), 2)), 2) ```
[541] code_gen_0016: ```dsl_fire result = ts_prod(ts_volume), pct_change(close, 1), 10) ```
[542] code_gen_0418: ```dsl_fire result = where(sign(sign(sign(pct_change(close, 7), xs_mean(pct_change(close, 7)), xs_std(log(market_cap))))
[543] code_gen_0563: ```dsl_fire result = where(log(market_cap), div(sub(log(market_cap), xs_mean(log(market_cap))), xs_std(log(market_cap)))
[544] code_gen_0039: ```dsl_fire result = div(volume, ts_mean(volume, 1), 20) ```
[545] code_gen_0345: ```dsl_fire result = sub(div(sub(close, ts_min(low, 20)), sub(ts_max(high, 20), ts_min(low, 20))))) ```
[546] code_gen_0176: ```dsl_fire result = where(gt(div(sub(log(market_cap), xs_mean(log(market_cap))), xs_std(log(market_cap))), xs_mean(div(
[547] code_gen_0308: ```dsl_fire result = ts_std(minimum(pct_change(close, 1), 0.0), 120) ```
[548] code_gen_0031: ```dsl_fire result = pct_change(volume, 10) ```
[549] code_gen_0190: ```dsl_fire result = where(gt(ts_xor(pct_change(close, 20), xs_mean(pct_change(close, 20))), xs_std(pct_change(close, 1)
[550] code_gen_0266: ```dsl_fire result = ts_l_res(logical_l_l), pct_change(close, 3), 3) ```
[551] code_gen_0411: ```dsl_fire result = where(gt(ts_cap, xs_mean(volume, 7))), neg(div(sub(volume, xs_mean(volume)), xs_std(volume)), 0.0) 
[552] code_gen_0090: ```dsl_fire result = where(gt(recip(pb), xs_mean(recip(pb))), div(sub(log(market_cap), xs_mean(log(market_cap))), xs_std
[553] code_gen_0222: ```dsl_fire result = where(logical_or(gt(div(sub(recip(pb), xs_mean(recip(recip(pb))), xs_std(recip(pb))), xs_mean(div(v
[554] code_gen_0490: ```dsl_fire result = pct_change(close, 60) ```
[555] code_gen_0280: ```dsl_fire result = where(logical_and(gt(pct_change(close, 20), xs_mean(pct_change(close, 20)))), neg(log(market_cap)),
[556] code_gen_0401: ```dsl_fire result = where(gt(div(sub(volume, ts_mean(volume, 3), sub(volume, ts_mean(volume, 20)), ts_mean(volume, 20))
[557] code_gen_0286: ```dsl_fire result = where(logical_not(gt(log1p(ts_mean(volume, 20))), gt(log1p(ts_mean(volume, 20)), xs_mean(log1p(ts_m
[558] code_gen_0313: ```dsl_fire result = ts_reg_res(minimum(pct_change(close, 1), 2), 2) ```
[559] code_gen_0182: ```dsl_fire result = where(gt(div(sub(log(market_cap), xs_mean(log(market_cap))), xs_std(log(market_cap))), xs_mean(div(
[560] code_gen_0417: ```dsl_fire result = where(gt(div(sub(log(market_cap), xs_mean(log(market_cap, 3)), xs_std(log(market_cap))), 3), 0.0) `
[561] code_gen_0575: ```dsl_fire result = where(logical_or(gt(neg(log(market_cap)), xs_mean(neg(log(market_cap)))), gt(div(volume, market_cap
[562] code_gen_0140: ```dsl_fire result = ts_argmin(ts_olute(pct_change(vwap, 1), 2)), 2) ```
[563] code_gen_0236: ```dsl_fire result = where(logical_or(gt(neg(div(volume, market_cap), xs_mean(div(volume, market_cap))), eg(log(market_c
[564] code_gen_0423: ```dsl_fire result = where(logical_or(gt(log(market_cap), group_mean(log(market_cap), industry)), group_std(div(sub(log(
[565] code_gen_0577: ```dsl_fire result = ts_reg_res(logical_mean(lt(volume), log(volume, ts_mean(volume, 20)), div(volume, market_cap), 45))
[566] code_gen_0029: ```dsl_fire result = ts_prod(add(1.0, pct_change(close, 1)), 20) ```
[567] code_gen_0487: ```dsl_fire result = pct_change(volume, 10) ```
[568] code_gen_0218: ```dsl_fire result = where(gt(div(sub(log(market_cap), xs_mean(log(market_cap))), xs_std(log(market_cap))), xs_mean(div(
[569] code_gen_0405: ```dsl_fire result = div(sub(div(sub(close, ts_min(low, 20)), sub(ts_max(high, 20), ts_min(low, 20)))), sub(ts_max(high,
[570] code_gen_0297: ```dsl_fire result = div(ts_mean(volume, 20), market_cap) ```
[571] code_gen_0349: ```dsl_fire result = div( tsign), pct_change(close, 5), 60) ```
[572] code_gen_0209: ```dsl_fire result = where(gt(sqrt(recip(pb)), xs_mean(sqrt(recip(pb)))), neg(pb, xs_std(pct_change(close, 1), 3))), 0.0
[573] code_gen_0237: ```dsl_fire result = ts_prod(add(1.0, pct_change(close, 3))) ```
[574] code_gen_0505: ```dsl_fire result = t t t t t t t t t t t t t t t t t t t t t t t t t t t t t t t t t t t t t t t t t t t t t t t t t t
[575] code_gen_0254: ```dsl_fire result = div(ts_std(pct_change(close, 1), 20), ts_std(pct_change(close, 1), 20)) ```
[576] code_gen_0457: ```dsl_fire result = where(gt(div(sub(log(market_cap), xs_mean(log(market_cap, 3)), xs_std(log(market_cap))), 1), 3.0) `
[577] code_gen_0569: ```dsl_fire result = where(logical_or(gt(neg(log(market_cap)), xs_mean(neg(log(market_cap)))), gt(log(market_cap), xs_me
[578] code_gen_0390: ```dsl_fire result = div(sub(ts_volume, ts_last(shift(close, 1), 2)),) ```
[579] code_gen_0392: ```dsl_fire result = ts_prod(ts_argmax(volume, 3)), ts_last(ts_mean(volume, 3)) ```
[580] code_gen_0482: ```dsl_fire result = div(ts_quantile(pct_change(close, 1), 20), ts_std(pct_change(close, 1), 90)) ```
[581] code_gen_0421: ```dsl_fire result = div(sub(div(sub(low, vwap, vwap, ts_mean(low, 20)), sub(div(sub(lose, vwap), vwap, vwap), vwap, t t
[582] code_gen_0248: ```dsl_fire result = ts_prod(add(1.0, pct_change(close, 1)), 20) ```
[583] code_gen_0305: ```dsl_fire result = where(logical_or(gt(neg(log(market_cap)), xs_mean(neg(log(market_cap)))), gt(div(volume, market_cap
[584] code_gen_0035: ```dsl_fire result = div(ts_quantile(volume, 7), ts_mean(shift(volume, 1), 7)) ```
[585] code_gen_0192: ```dsl_fire result = where(gt(ts_xor(pct_change(close, 20), xs_mean(pct_change(close, 20))), div(sub(pct_change(close, 2
[586] code_gen_0386: ```dsl_fire result = div(ts_wap, ts_last(shift(volume, 1), 10)), div(sub(shift(close, 1), xs_mean(volume, 10)), shift(vo
[587] code_gen_0552: ```dsl_fire result = where(logical_and(gt(recip(pb), xs_mean(recip(pb))), gt(pct_change(close, 20), xs_mean(pct_change(c
[588] code_gen_0253: ```dsl_fire result = neg(pct_change(close, 5)) ```
[589] code_gen_0393: ```dsl_fire result = div(sub(shift(close, 1), shift(close, 1), shift(close, 1)) ```
[590] code_gen_0167: ```dsl_fire result = where(gt(log(market_cap), group_mean(log(market_cap), industry)), neg(div(sub(log(market_cap), grou
[591] code_gen_0001: ```dsl_fire result = neg(pct_change(close, 45)) ```
[592] code_gen_0333: ```dsl_fire result = div(div(volume, market_cap), group_mean(div(volume, market_cap), industry)), group_std(div(volume, 
[593] code_gen_0317: ```dsl_fire result = where(logical_or(gt(neg(log(market_cap)), xs_mean(neg(log(market_cap)))), gt(log(market_cap), xs_me
[594] code_gen_0042: ```dsl_fire result = where(logical_xor(gt(pct_change(close, 20), xs_mean(pct_change(close, 20))), add(recip(pb), neg(pct
[595] code_gen_0235: ```dsl_fire result = where(logical_xor(gt(pct_change(close, 1), xs_mean(pct_change(close, 3), xs_mean(pct_change(close, 
[596] code_gen_0196: ```dsl_fire result = sub(vwap, xs_quantile(vwap, 0.2)) ```
[597] code_gen_0511: ```dsl_fire result = pct_change(volume, 10) ```
[598] code_gen_0171: ```dsl_fire result = where(gt(ts_xor(pct_change(close, 7), xs_mean(pct_change(close, 7))), neg(sign(pct_change(close, 7)
[599] code_gen_0462: ```dsl_fire result = where(logical_or(gt(neg(log(market_cap)), xs_mean(neg(log(market_cap)))), gt(pct_change(close, 20),
[600] code_gen_0455: ```dsl_fire result = where(logical_or(gt(neg(div(sub(log(market_cap), group_mean(log(market_cap), industry)), group_std(
